Archive member included because of file (symbol)

./obj/local/armeabi/libgnustl_static.a(functexcept.o)
                              ./obj/local/armeabi/objs-debug/engine/engine.o (std::__throw_bad_alloc())
./obj/local/armeabi/libgnustl_static.a(functional.o)
                              ./obj/local/armeabi/libgnustl_static.a(functexcept.o) (std::bad_function_call::~bad_function_call())
./obj/local/armeabi/libgnustl_static.a(ios_failure.o)
                              ./obj/local/armeabi/libgnustl_static.a(functexcept.o) (std::ios_base::failure::~failure())
./obj/local/armeabi/libgnustl_static.a(stdexcept.o)
                              ./obj/local/armeabi/libgnustl_static.a(functexcept.o) (std::underflow_error::~underflow_error())
./obj/local/armeabi/libgnustl_static.a(system_error.o)
                              ./obj/local/armeabi/libgnustl_static.a(functexcept.o) (std::system_error::~system_error())
./obj/local/armeabi/libgnustl_static.a(regex.o)
                              ./obj/local/armeabi/libgnustl_static.a(functexcept.o) (std::regex_error::~regex_error())
./obj/local/armeabi/libgnustl_static.a(future.o)
                              ./obj/local/armeabi/libgnustl_static.a(functexcept.o) (std::future_error::~future_error())
./obj/local/armeabi/libgnustl_static.a(string-inst.o)
                              ./obj/local/armeabi/libgnustl_static.a(ios_failure.o) (std::string::_Rep::_S_empty_rep_storage)
./obj/local/armeabi/libgnustl_static.a(atexit_arm.o)
                              ./obj/local/armeabi/libgnustl_static.a(system_error.o) (__aeabi_atexit)
./obj/local/armeabi/libgnustl_static.a(bad_alloc.o)
                              ./obj/local/armeabi/libgnustl_static.a(functexcept.o) (vtable for std::bad_alloc)
./obj/local/armeabi/libgnustl_static.a(bad_cast.o)
                              ./obj/local/armeabi/libgnustl_static.a(functexcept.o) (vtable for std::bad_cast)
./obj/local/armeabi/libgnustl_static.a(bad_typeid.o)
                              ./obj/local/armeabi/libgnustl_static.a(functexcept.o) (vtable for std::bad_typeid)
./obj/local/armeabi/libgnustl_static.a(class_type_info.o)
                              ./obj/local/armeabi/libgnustl_static.a(system_error.o) (vtable for __cxxabiv1::__class_type_info)
./obj/local/armeabi/libgnustl_static.a(del_op.o)
                              ./obj/local/armeabi/objs-debug/engine/engine_jni.o (operator delete(void*))
./obj/local/armeabi/libgnustl_static.a(eh_alloc.o)
                              ./obj/local/armeabi/libgnustl_static.a(functexcept.o) (__cxa_allocate_exception)
./obj/local/armeabi/libgnustl_static.a(eh_arm.o)
                              ./obj/local/armeabi/libgnustl_static.a(functexcept.o) (__cxa_end_cleanup)
./obj/local/armeabi/libgnustl_static.a(eh_aux_runtime.o)
                              ./obj/local/armeabi/libgnustl_static.a(eh_arm.o) (__cxa_bad_typeid)
./obj/local/armeabi/libgnustl_static.a(eh_call.o)
                              ./obj/local/armeabi/libgnustl_static.a(ios_failure.o) (__cxa_call_unexpected)
./obj/local/armeabi/libgnustl_static.a(eh_catch.o)
                              ./obj/local/armeabi/libgnustl_static.a(string-inst.o) (__cxa_begin_catch)
./obj/local/armeabi/libgnustl_static.a(eh_exception.o)
                              ./obj/local/armeabi/libgnustl_static.a(functional.o) (std::exception::~exception())
./obj/local/armeabi/libgnustl_static.a(eh_globals.o)
                              ./obj/local/armeabi/libgnustl_static.a(eh_call.o) (__cxa_get_globals_fast)
./obj/local/armeabi/libgnustl_static.a(eh_personality.o)
                              ./obj/local/armeabi/libgnustl_static.a(functexcept.o) (__gxx_personality_v0)
./obj/local/armeabi/libgnustl_static.a(eh_terminate.o)
                              ./obj/local/armeabi/libgnustl_static.a(eh_call.o) (__cxxabiv1::__terminate(void (*)()))
./obj/local/armeabi/libgnustl_static.a(eh_throw.o)
                              ./obj/local/armeabi/libgnustl_static.a(functexcept.o) (__cxa_throw)
./obj/local/armeabi/libgnustl_static.a(eh_unex_handler.o)
                              ./obj/local/armeabi/libgnustl_static.a(eh_terminate.o) (__cxxabiv1::__unexpected_handler)
./obj/local/armeabi/libgnustl_static.a(fundamental_type_info.o)
                              ./obj/local/armeabi/libgnustl_static.a(eh_arm.o) (typeinfo for void)
./obj/local/armeabi/libgnustl_static.a(guard.o)
                              ./obj/local/armeabi/libgnustl_static.a(future.o) (__cxa_guard_acquire)
./obj/local/armeabi/libgnustl_static.a(new_op.o)
                              ./obj/local/armeabi/objs-debug/engine/engine_jni.o (operator new(unsigned int))
./obj/local/armeabi/libgnustl_static.a(pointer_type_info.o)
                              ./obj/local/armeabi/libgnustl_static.a(fundamental_type_info.o) (vtable for __cxxabiv1::__pointer_type_info)
./obj/local/armeabi/libgnustl_static.a(pure.o)
[...]
Memory Configuration

Name             Origin             Length             Attributes
*default*        0x00000000         0xffffffff

Linker script and memory map

LOAD C:/android-ndk-r8b/platforms/android-8/arch-arm/usr/lib/crtbegin_so.o
LOAD ./obj/local/armeabi/objs-debug/engine/engine_jni.o
LOAD ./obj/local/armeabi/objs-debug/engine/engine.o
LOAD ./obj/local/armeabi/objs-debug/engine/bkdata.o
LOAD ./obj/local/armeabi/libgnustl_static.a
LOAD C:/android-ndk-r8b/platforms/android-8/arch-arm/usr/lib/libstdc++.so
LOAD C:/android-ndk-r8b/platforms/android-8/arch-arm/usr/lib/libm.so
LOAD C:/android-ndk-r8b/platforms/android-8/arch-arm/usr/lib/libc.so
LOAD c:/android-ndk-r8b/toolchains/arm-linux-androideabi-4.6/prebuilt/windows/bin/../lib/gcc/arm-linux-androideabi/4.6.x-google\libgcc.a
LOAD C:/android-ndk-r8b/platforms/android-8/arch-arm/usr/lib/libc.so
LOAD C:/android-ndk-r8b/platforms/android-8/arch-arm/usr/lib/libdl.so
LOAD c:/android-ndk-r8b/toolchains/arm-linux-androideabi-4.6/prebuilt/windows/bin/../lib/gcc/arm-linux-androideabi/4.6.x-google\libgcc.a
LOAD C:/android-ndk-r8b/platforms/android-8/arch-arm/usr/lib/crtend_so.o
                0x000000f4                . = (0x0 + SIZEOF_HEADERS)

.note.gnu.build-id
 *(.note.gnu.build-id)

.hash           0x000000f4     0x1164
 *(.hash)
 .hash          0x000000f4     0x1164 C:/android-ndk-r8b/platforms/android-8/arch-arm/usr/lib/crtbegin_so.o

.gnu.hash
 *(.gnu.hash)

.dynsym         0x00001258     0x24e0
 *(.dynsym)
 .dynsym        0x00001258     0x24e0 C:/android-ndk-r8b/platforms/android-8/arch-arm/usr/lib/crtbegin_so.o

.dynstr         0x00003738     0x42b5
 *(.dynstr)
 .dynstr        0x00003738     0x42b5 C:/android-ndk-r8b/platforms/android-8/arch-arm/usr/lib/crtbegin_so.o

.gnu.version    0x000079ee        0x0 load address 0x000079ed
 *(.gnu.version)
 .gnu.version   0x00000000        0x0 C:/android-ndk-r8b/platforms/android-8/arch-arm/usr/lib/crtbegin_so.o

.gnu.version_d  0x000079f0        0x0 load address 0x000079ed
 *(.gnu.version_d)
 .gnu.version_d
                0x00000000        0x0 C:/android-ndk-r8b/platforms/android-8/arch-arm/usr/lib/crtbegin_so.o

.gnu.version_r  0x000079f0        0x0 load address 0x000079ed
 *(.gnu.version_r)
 .gnu.version_r
                0x00000000        0x0 C:/android-ndk-r8b/platforms/android-8/arch-arm/usr/lib/crtbegin_so.o

.rel.dyn        0x000079f0     0x1708
 *(.rel.init)
 *(.rel.text .rel.text.* .rel.gnu.linkonce.t.*)
 .rel.text      0x000079f0       0x10 C:/android-ndk-r8b/platforms/android-8/arch-arm/usr/lib/crtbegin_so.o
 *(.rel.fini)
 *(.rel.rodata .rel.rodata.* .rel.gnu.linkonce.r.*)
 *(.rel.data.rel.ro* .rel.gnu.linkonce.d.rel.ro.*)
 .rel.data.rel.ro._ZTISt17bad_function_call
                0x00007a00       0x18 C:/android-ndk-r8b/platforms/android-8/arch-arm/usr/lib/crtbegin_so.o
 .rel.data.rel.ro._ZTVSt17bad_function_call
                0x00007a18       0x20 C:/android-ndk-r8b/platforms/android-8/arch-arm/usr/lib/crtbegin_so.o
 .rel.data.rel.ro._ZTVNSt8ios_base7failureE
                0x00007a38       0x20 C:/android-ndk-r8b/platforms/android-8/arch-arm/usr/lib/crtbegin_so.o
 .rel.data.rel.ro._ZTINSt8ios_base7failureE
                0x00007a58       0x18 C:/android-ndk-r8b/platforms/android-8/arch-arm/usr/lib/crtbegin_so.o
 .rel.data.rel.ro._ZTISt16invalid_argument
                0x00007a70       0x18 C:/android-ndk-r8b/platforms/android-8/arch-arm/usr/lib/crtbegin_so.o
 .rel.data.rel.ro._ZTVSt13runtime_error
                0x00007a88       0x20 C:/android-ndk-r8b/platforms/android-8/arch-arm/usr/lib/crtbegin_so.o
 .rel.data.rel.ro._ZTVSt14overflow_error
                0x00007aa8       0x20 C:/android-ndk-r8b/platforms/android-8/arch-arm/usr/lib/crtbegin_so.o
 .rel.data.rel.ro._ZTVSt15underflow_error
                0x00007ac8       0x20 C:/android-ndk-r8b/platforms/android-8/arch-arm/usr/lib/crtbegin_so.o
 .rel.data.rel.ro._ZTVSt12domain_error
                0x00007ae8       0x20 C:/android-ndk-r8b/platforms/android-8/arch-arm/usr/lib/crtbegin_so.o
 .rel.data.rel.ro._ZTISt14overflow_error
                0x00007b08       0x18 C:/android-ndk-r8b/platforms/android-8/arch-arm/usr/lib/crtbegin_so.o
 .rel.data.rel.ro._ZTISt11logic_error
                0x00007b20       0x18 C:/android-ndk-r8b/platforms/android-8/arch-arm/usr/lib/crtbegin_so.o
 .rel.data.rel.ro._ZTVSt16invalid_argument
                0x00007b38       0x20 C:/android-ndk-r8b/platforms/android-8/arch-arm/usr/lib/crtbegin_so.o
 .rel.data.rel.ro._ZTISt12domain_error
                0x00007b58       0x18 C:/android-ndk-r8b/platforms/android-8/arch-arm/usr/lib/crtbegin_so.o
 .rel.data.rel.ro._ZTISt12out_of_range
                0x00007b70       0x18 C:/android-ndk-r8b/platforms/android-8/arch-arm/usr/lib/crtbegin_so.o
 .rel.data.rel.ro._ZTISt11range_error
                0x00007b88       0x18 C:/android-ndk-r8b/platforms/android-8/arch-arm/usr/lib/crtbegin_so.o
 .rel.data.rel.ro._ZTISt15underflow_error
                0x00007ba0       0x18 C:/android-ndk-r8b/platforms/android-8/arch-arm/usr/lib/crtbegin_so.o
 .rel.data.rel.ro._ZTISt12length_error
                0x00007bb8       0x18 C:/android-ndk-r8b/platforms/android-8/arch-arm/usr/lib/crtbegin_so.o
 .rel.data.rel.ro._ZTVSt11logic_error
                0x00007bd0       0x20 C:/android-ndk-r8b/platforms/android-8/arch-arm/usr/lib/crtbegin_so.o
 .rel.data.rel.ro._ZTVSt12out_of_range
                0x00007bf0       0x20 C:/android-ndk-r8b/platforms/android-8/arch-arm/usr/lib/crtbegin_so.o
 .rel.data.rel.ro._ZTVSt12length_error
                0x00007c10       0x20 C:/android-ndk-r8b/platforms/android-8/arch-arm/usr/lib/crtbegin_so.o
 .rel.data.rel.ro._ZTVSt11range_error
                0x00007c30       0x20 C:/android-ndk-r8b/platforms/android-8/arch-arm/usr/lib/crtbegin_so.o
 .rel.data.rel.ro._ZTISt13runtime_error
                0x00007c50       0x18 C:/android-ndk-r8b/platforms/android-8/arch-arm/usr/lib/crtbegin_so.o
 .rel.data.rel.ro._ZTIN12_GLOBAL__N_121system_error_categoryE
                0x00007c68       0x18 C:/android-ndk-r8b/platforms/android-8/arch-arm/usr/lib/crtbegin_so.o
 .rel.data.rel.ro._ZTIN12_GLOBAL__N_122generic_error_categoryE
                0x00007c80       0x18 C:/android-ndk-r8b/platforms/android-8/arch-arm/usr/lib/crtbegin_so.o
 .rel.data.rel.ro._ZTVSt12system_error
                0x00007c98       0x20 C:/android-ndk-r8b/platforms/android-8/arch-arm/usr/lib/crtbegin_so.o
 .rel.data.rel.ro._ZTVSt14error_category
                0x00007cb8       0x40 C:/android-ndk-r8b/platforms/android-8/arch-arm/usr/lib/crtbegin_so.o
 .rel.data.rel.ro._ZTISt12system_error
                0x00007cf8       0x18 C:/android-ndk-r8b/platforms/android-8/arch-arm/usr/lib/crtbegin_so.o
 .rel.data.rel.ro._ZTVN12_GLOBAL__N_122generic_error_categoryE
                0x00007d10       0x40 C:/android-ndk-r8b/platforms/android-8/arch-arm/usr/lib/crtbegin_so.o
 .rel.data.rel.ro._ZTISt14error_category
                0x00007d50       0x10 C:/android-ndk-r8b/platforms/android-8/arch-arm/usr/lib/crtbegin_so.o
 .rel.data.rel.ro._ZTVN12_GLOBAL__N_121system_error_categoryE
                0x00007d60       0x40 C:/android-ndk-r8b/platforms/android-8/arch-arm/usr/lib/crtbegin_so.o
 .rel.data.rel.ro._ZTISt11regex_error
                0x00007da0       0x18 C:/android-ndk-r8b/platforms/android-8/arch-arm/usr/lib/crtbegin_so.o
 .rel.data.rel.ro._ZTVSt11regex_error
                0x00007db8       0x20 C:/android-ndk-r8b/platforms/android-8/arch-arm/usr/lib/crtbegin_so.o
 .rel.data.rel.ro._ZTVSt12future_error
                0x00007dd8       0x20 C:/android-ndk-r8b/platforms/android-8/arch-arm/usr/lib/crtbegin_so.o
 .rel.data.rel.ro._ZTIN12_GLOBAL__N_121future_error_categoryE
                0x00007df8       0x18 C:/android-ndk-r8b/platforms/android-8/arch-arm/usr/lib/crtbegin_so.o
 .rel.data.rel.ro._ZTISt12future_error
                0x00007e10       0x18 C:/android-ndk-r8b/platforms/android-8/arch-arm/usr/lib/crtbegin_so.o
 .rel.data.rel.ro._ZTVN12_GLOBAL__N_121future_error_categoryE
                0x00007e28       0x40 C:/android-ndk-r8b/platforms/android-8/arch-arm/usr/lib/crtbegin_so.o
 .rel.data.rel.ro._ZTISt9bad_alloc
                0x00007e68       0x18 C:/android-ndk-r8b/platforms/android-8/arch-arm/usr/lib/crtbegin_so.o
 .rel.data.rel.ro._ZTVSt9bad_alloc
                0x00007e80       0x20 C:/android-ndk-r8b/platforms/android-8/arch-arm/usr/lib/crtbegin_so.o
 .rel.data.rel.ro._ZTISt8bad_cast
                0x00007ea0       0x18 C:/android-ndk-r8b/platforms/android-8/arch-arm/usr/lib/crtbegin_so.o
 .rel.data.rel.ro._ZTVSt8bad_cast
                0x00007eb8       0x20 C:/android-ndk-r8b/platforms/android-8/arch-arm/usr/lib/crtbegin_so.o
 .rel.data.rel.ro._ZTVSt10bad_typeid
                0x00007ed8       0x20 C:/android-ndk-r8b/platforms/android-8/arch-arm/usr/lib/crtbegin_so.o
 .rel.data.rel.ro._ZTISt10bad_typeid
                0x00007ef8       0x18 C:/android-ndk-r8b/platforms/android-8/arch-arm/usr/lib/crtbegin_so.o
 .rel.data.rel.ro._ZTVN10__cxxabiv117__class_type_infoE
                0x00007f10       0x50 C:/android-ndk-r8b/platforms/android-8/arch-arm/usr/lib/crtbegin_so.o
 .rel.data.rel.ro._ZTIN10__cxxabiv117__class_type_infoE
                0x00007f60       0x18 C:/android-ndk-r8b/platforms/android-8/arch-arm/usr/lib/crtbegin_so.o
 .rel.data.rel.ro._ZTVN9__gnu_cxx24__concurrence_lock_errorE
                0x00007f78       0x20 C:/android-ndk-r8b/platforms/android-8/arch-arm/usr/lib/crtbegin_so.o
 .rel.data.rel.ro._ZTIN9__gnu_cxx24__concurrence_lock_errorE
                0x00007f98       0x18 C:/android-ndk-r8b/platforms/android-8/arch-arm/usr/lib/crtbegin_so.o
 .rel.data.rel.ro._ZTVN9__gnu_cxx26__concurrence_unlock_errorE
                0x00007fb0       0x20 C:/android-ndk-r8b/platforms/android-8/arch-arm/usr/lib/crtbegin_so.o
 .rel.data.rel.ro._ZTIN9__gnu_cxx26__concurrence_unlock_errorE
                0x00007fd0       0x18 C:/android-ndk-r8b/platforms/android-8/arch-arm/usr/lib/crtbegin_so.o
 .rel.data.rel.ro._ZTIN10__cxxabiv115__forced_unwindE
                0x00007fe8       0x10 C:/android-ndk-r8b/platforms/android-8/arch-arm/usr/lib/crtbegin_so.o
 .rel.data.rel.ro._ZTISt9exception
                0x00007ff8       0x10 C:/android-ndk-r8b/platforms/android-8/arch-arm/usr/lib/crtbegin_so.o
 .rel.data.rel.ro._ZTVSt13bad_exception
                0x00008008       0x20 C:/android-ndk-r8b/platforms/android-8/arch-arm/usr/lib/crtbegin_so.o
 .rel.data.rel.ro._ZTISt13bad_exception
                0x00008028       0x18 C:/android-ndk-r8b/platforms/android-8/arch-arm/usr/lib/crtbegin_so.o
 .rel.data.rel.ro._ZTIN10__cxxabiv119__foreign_exceptionE
                0x00008040       0x10 C:/android-ndk-r8b/platforms/android-8/arch-arm/usr/lib/crtbegin_so.o
 .rel.data.rel.ro._ZTVN10__cxxabiv115__forced_unwindE
                0x00008050       0x20 C:/android-ndk-r8b/platforms/android-8/arch-arm/usr/lib/crtbegin_so.o
 .rel.data.rel.ro._ZTVN10__cxxabiv119__foreign_exceptionE
                0x00008070       0x20 C:/android-ndk-r8b/platforms/android-8/arch-arm/usr/lib/crtbegin_so.o
 .rel.data.rel.ro._ZTVSt9exception
                0x00008090       0x20 C:/android-ndk-r8b/platforms/android-8/arch-arm/usr/lib/crtbegin_so.o
 .rel.data.rel.ro._ZTIPKDn
                0x000080b0       0x18 C:/android-ndk-r8b/platforms/android-8/arch-arm/usr/lib/crtbegin_so.o
 .rel.data.rel.ro._ZTIPDn
                0x000080c8       0x18 C:/android-ndk-r8b/platforms/android-8/arch-arm/usr/lib/crtbegin_so.o
 .rel.data.rel.ro._ZTIDn
                0x000080e0       0x10 C:/android-ndk-r8b/platforms/android-8/arch-arm/usr/lib/crtbegin_so.o
 .rel.data.rel.ro._ZTIPKDe
                0x000080f0       0x18 C:/android-ndk-r8b/platforms/android-8/arch-arm/usr/lib/crtbegin_so.o
 .rel.data.rel.ro._ZTIPDe
                0x00008108       0x18 C:/android-ndk-r8b/platforms/android-8/arch-arm/usr/lib/crtbegin_so.o
 .rel.data.rel.ro._ZTIDe
                0x00008120       0x10 C:/android-ndk-r8b/platforms/android-8/arch-arm/usr/lib/crtbegin_so.o
 .rel.data.rel.ro._ZTIPKDd
                0x00008130       0x18 C:/android-ndk-r8b/platforms/android-8/arch-arm/usr/lib/crtbegin_so.o
 .rel.data.rel.ro._ZTIPDd
                0x00008148       0x18 C:/android-ndk-r8b/platforms/android-8/arch-arm/usr/lib/crtbegin_so.o
 .rel.data.rel.ro._ZTIDd
                0x00008160       0x10 C:/android-ndk-r8b/platforms/android-8/arch-arm/usr/lib/crtbegin_so.o
 .rel.data.rel.ro._ZTIPKDf
                0x00008170       0x18 C:/android-ndk-r8b/platforms/android-8/arch-arm/usr/lib/crtbegin_so.o
 .rel.data.rel.ro._ZTIPDf
                0x00008188       0x18 C:/android-ndk-r8b/platforms/android-8/arch-arm/usr/lib/crtbegin_so.o
 .rel.data.rel.ro._ZTIDf
                0x000081a0       0x10 C:/android-ndk-r8b/platforms/android-8/arch-arm/usr/lib/crtbegin_so.o
 .rel.data.rel.ro._ZTIPKe
                0x000081b0       0x18 C:/android-ndk-r8b/platforms/android-8/arch-arm/usr/lib/crtbegin_so.o
 .rel.data.rel.ro._ZTIPe
                0x000081c8       0x18 C:/android-ndk-r8b/platforms/android-8/arch-arm/usr/lib/crtbegin_so.o
 .rel.data.rel.ro._ZTIe
                0x000081e0       0x10 C:/android-ndk-r8b/platforms/android-8/arch-arm/usr/lib/crtbegin_so.o
 .rel.data.rel.ro._ZTIPKd
                0x000081f0       0x18 C:/android-ndk-r8b/platforms/android-8/arch-arm/usr/lib/crtbegin_so.o
 .rel.data.rel.ro._ZTIPd
                0x00008208       0x18 C:/android-ndk-r8b/platforms/android-8/arch-arm/usr/lib/crtbegin_so.o
 .rel.data.rel.ro._ZTId
                0x00008220       0x10 C:/android-ndk-r8b/platforms/android-8/arch-arm/usr/lib/crtbegin_so.o
 .rel.data.rel.ro._ZTIPKf
                0x00008230       0x18 C:/android-ndk-r8b/platforms/android-8/arch-arm/usr/lib/crtbegin_so.o
 .rel.data.rel.ro._ZTIPf
                0x00008248       0x18 C:/android-ndk-r8b/platforms/android-8/arch-arm/usr/lib/crtbegin_so.o
 .rel.data.rel.ro._ZTIf
                0x00008260       0x10 C:/android-ndk-r8b/platforms/android-8/arch-arm/usr/lib/crtbegin_so.o
 .rel.data.rel.ro._ZTIPKy
                0x00008270       0x18 C:/android-ndk-r8b/platforms/android-8/arch-arm/usr/lib/crtbegin_so.o
 .rel.data.rel.ro._ZTIPy
                0x00008288       0x18 C:/android-ndk-r8b/platforms/android-8/arch-arm/usr/lib/crtbegin_so.o
 .rel.data.rel.ro._ZTIy
                0x000082a0       0x10 C:/android-ndk-r8b/platforms/android-8/arch-arm/usr/lib/crtbegin_so.o
 .rel.data.rel.ro._ZTIPKx
                0x000082b0       0x18 C:/android-ndk-r8b/platforms/android-8/arch-arm/usr/lib/crtbegin_so.o
 .rel.data.rel.ro._ZTIPx
                0x000082c8       0x18 C:/android-ndk-r8b/platforms/android-8/arch-arm/usr/lib/crtbegin_so.o
 .rel.data.rel.ro._ZTIx
                0x000082e0       0x10 C:/android-ndk-r8b/platforms/android-8/arch-arm/usr/lib/crtbegin_so.o
 .rel.data.rel.ro._ZTIPKm
                0x000082f0       0x18 C:/android-ndk-r8b/platforms/android-8/arch-arm/usr/lib/crtbegin_so.o
 .rel.data.rel.ro._ZTIPm
                0x00008308       0x18 C:/android-ndk-r8b/platforms/android-8/arch-arm/usr/lib/crtbegin_so.o
 .rel.data.rel.ro._ZTIm
                0x00008320       0x10 C:/android-ndk-r8b/platforms/android-8/arch-arm/usr/lib/crtbegin_so.o
 .rel.data.rel.ro._ZTIPKl
                0x00008330       0x18 C:/android-ndk-r8b/platforms/android-8/arch-arm/usr/lib/crtbegin_so.o
 .rel.data.rel.ro._ZTIPl
                0x00008348       0x18 C:/android-ndk-r8b/platforms/android-8/arch-arm/usr/lib/crtbegin_so.o
 .rel.data.rel.ro._ZTIl
                0x00008360       0x10 C:/android-ndk-r8b/platforms/android-8/arch-arm/usr/lib/crtbegin_so.o
 .rel.data.rel.ro._ZTIPKj
                0x00008370       0x18 C:/android-ndk-r8b/platforms/android-8/arch-arm/usr/lib/crtbegin_so.o
 .rel.data.rel.ro._ZTIPj
                0x00008388       0x18 C:/android-ndk-r8b/platforms/android-8/arch-arm/usr/lib/crtbegin_so.o
 .rel.data.rel.ro._ZTIj
                0x000083a0       0x10 C:/android-ndk-r8b/platforms/android-8/arch-arm/usr/lib/crtbegin_so.o
 .rel.data.rel.ro._ZTIPKi
                0x000083b0       0x18 C:/android-ndk-r8b/platforms/android-8/arch-arm/usr/lib/crtbegin_so.o
 .rel.data.rel.ro._ZTIPi
                0x000083c8       0x18 C:/android-ndk-r8b/platforms/android-8/arch-arm/usr/lib/crtbegin_so.o
 .rel.data.rel.ro._ZTIi
                0x000083e0       0x10 C:/android-ndk-r8b/platforms/android-8/arch-arm/usr/lib/crtbegin_so.o
 .rel.data.rel.ro._ZTIPKt
                0x000083f0       0x18 C:/android-ndk-r8b/platforms/android-8/arch-arm/usr/lib/crtbegin_so.o
 .rel.data.rel.ro._ZTIPt
                0x00008408       0x18 C:/android-ndk-r8b/platforms/android-8/arch-arm/usr/lib/crtbegin_so.o
 .rel.data.rel.ro._ZTIt
                0x00008420       0x10 C:/android-ndk-r8b/platforms/android-8/arch-arm/usr/lib/crtbegin_so.o
 .rel.data.rel.ro._ZTIPKs
                0x00008430       0x18 C:/android-ndk-r8b/platforms/android-8/arch-arm/usr/lib/crtbegin_so.o
 .rel.data.rel.ro._ZTIPs
                0x00008448       0x18 C:/android-ndk-r8b/platforms/android-8/arch-arm/usr/lib/crtbegin_so.o
 .rel.data.rel.ro._ZTIs
                0x00008460       0x10 C:/android-ndk-r8b/platforms/android-8/arch-arm/usr/lib/crtbegin_so.o
 .rel.data.rel.ro._ZTIPKh
                0x00008470       0x18 C:/android-ndk-r8b/platforms/android-8/arch-arm/usr/lib/crtbegin_so.o
 .rel.data.rel.ro._ZTIPh
                0x00008488       0x18 C:/android-ndk-r8b/platforms/android-8/arch-arm/usr/lib/crtbegin_so.o
 .rel.data.rel.ro._ZTIh
                0x000084a0       0x10 C:/android-ndk-r8b/platforms/android-8/arch-arm/usr/lib/crtbegin_so.o
 .rel.data.rel.ro._ZTIPKa
                0x000084b0       0x18 C:/android-ndk-r8b/platforms/android-8/arch-arm/usr/lib/crtbegin_so.o
 .rel.data.rel.ro._ZTIPa
                0x000084c8       0x18 C:/android-ndk-r8b/platforms/android-8/arch-arm/usr/lib/crtbegin_so.o
 .rel.data.rel.ro._ZTIa
                0x000084e0       0x10 C:/android-ndk-r8b/platforms/android-8/arch-arm/usr/lib/crtbegin_so.o
 .rel.data.rel.ro._ZTIPKc
                0x000084f0       0x18 C:/android-ndk-r8b/platforms/android-8/arch-arm/usr/lib/crtbegin_so.o
 .rel.data.rel.ro._ZTIPc
                0x00008508       0x18 C:/android-ndk-r8b/platforms/android-8/arch-arm/usr/lib/crtbegin_so.o
 .rel.data.rel.ro._ZTIc
                0x00008520       0x10 C:/android-ndk-r8b/platforms/android-8/arch-arm/usr/lib/crtbegin_so.o
 .rel.data.rel.ro._ZTIPKDi
                0x00008530       0x18 C:/android-ndk-r8b/platforms/android-8/arch-arm/usr/lib/crtbegin_so.o
 .rel.data.rel.ro._ZTIPDi
                0x00008548       0x18 C:/android-ndk-r8b/platforms/android-8/arch-arm/usr/lib/crtbegin_so.o
 .rel.data.rel.ro._ZTIDi
                0x00008560       0x10 C:/android-ndk-r8b/platforms/android-8/arch-arm/usr/lib/crtbegin_so.o
 .rel.data.rel.ro._ZTIPKDs
                0x00008570       0x18 C:/android-ndk-r8b/platforms/android-8/arch-arm/usr/lib/crtbegin_so.o
 .rel.data.rel.ro._ZTIPDs
                0x00008588       0x18 C:/android-ndk-r8b/platforms/android-8/arch-arm/usr/lib/crtbegin_so.o
 .rel.data.rel.ro._ZTIDs
                0x000085a0       0x10 C:/android-ndk-r8b/platforms/android-8/arch-arm/usr/lib/crtbegin_so.o
 .rel.data.rel.ro._ZTIPKw
                0x000085b0       0x18 C:/android-ndk-r8b/platforms/android-8/arch-arm/usr/lib/crtbegin_so.o
 .rel.data.rel.ro._ZTIPw
                0x000085c8       0x18 C:/android-ndk-r8b/platforms/android-8/arch-arm/usr/lib/crtbegin_so.o
 .rel.data.rel.ro._ZTIw
                0x000085e0       0x10 C:/android-ndk-r8b/platforms/android-8/arch-arm/usr/lib/crtbegin_so.o
 .rel.data.rel.ro._ZTIPKb
                0x000085f0       0x18 C:/android-ndk-r8b/platforms/android-8/arch-arm/usr/lib/crtbegin_so.o
 .rel.data.rel.ro._ZTIPb
                0x00008608       0x18 C:/android-ndk-r8b/platforms/android-8/arch-arm/usr/lib/crtbegin_so.o
 .rel.data.rel.ro._ZTIb
                0x00008620       0x10 C:/android-ndk-r8b/platforms/android-8/arch-arm/usr/lib/crtbegin_so.o
 .rel.data.rel.ro._ZTIPKv
                0x00008630       0x18 C:/android-ndk-r8b/platforms/android-8/arch-arm/usr/lib/crtbegin_so.o
 .rel.data.rel.ro._ZTIPv
                0x00008648       0x18 C:/android-ndk-r8b/platforms/android-8/arch-arm/usr/lib/crtbegin_so.o
 .rel.data.rel.ro._ZTIv
                0x00008660       0x10 C:/android-ndk-r8b/platforms/android-8/arch-arm/usr/lib/crtbegin_so.o
 .rel.data.rel.ro._ZTVN10__cxxabiv123__fundamental_type_infoE
                0x00008670       0x38 C:/android-ndk-r8b/platforms/android-8/arch-arm/usr/lib/crtbegin_so.o
 .rel.data.rel.ro._ZTIN10__cxxabiv123__fundamental_type_infoE
                0x000086a8       0x18 C:/android-ndk-r8b/platforms/android-8/arch-arm/usr/lib/crtbegin_so.o
 .rel.data.rel.ro._ZTVN9__gnu_cxx24__concurrence_wait_errorE
                0x000086c0       0x20 C:/android-ndk-r8b/platforms/android-8/arch-arm/usr/lib/crtbegin_so.o
 .rel.data.rel.ro._ZTIN9__gnu_cxx24__concurrence_wait_errorE
                0x000086e0       0x18 C:/android-ndk-r8b/platforms/android-8/arch-arm/usr/lib/crtbegin_so.o
 .rel.data.rel.ro._ZTVN9__gnu_cxx29__concurrence_broadcast_errorE
                0x000086f8       0x20 C:/android-ndk-r8b/platforms/android-8/arch-arm/usr/lib/crtbegin_so.o
 .rel.data.rel.ro._ZTIN9__gnu_cxx29__concurrence_broadcast_errorE
                0x00008718       0x18 C:/android-ndk-r8b/platforms/android-8/arch-arm/usr/lib/crtbegin_so.o
 .rel.data.rel.ro._ZTIN10__cxxabiv119__pointer_type_infoE
                0x00008730       0x18 C:/android-ndk-r8b/platforms/android-8/arch-arm/usr/lib/crtbegin_so.o
 .rel.data.rel.ro._ZTVN10__cxxabiv119__pointer_type_infoE
                0x00008748       0x40 C:/android-ndk-r8b/platforms/android-8/arch-arm/usr/lib/crtbegin_so.o
 .rel.data.rel.ro._ZTVN10__cxxabiv120__si_class_type_infoE
                0x00008788       0x50 C:/android-ndk-r8b/platforms/android-8/arch-arm/usr/lib/crtbegin_so.o
 .rel.data.rel.ro._ZTIN10__cxxabiv120__si_class_type_infoE
                0x000087d8       0x18 C:/android-ndk-r8b/platforms/android-8/arch-arm/usr/lib/crtbegin_so.o
 .rel.data.rel.ro._ZTVSt9type_info
                0x000087f0       0x38 C:/android-ndk-r8b/platforms/android-8/arch-arm/usr/lib/crtbegin_so.o
 .rel.data.rel.ro._ZTISt9type_info
                0x00008828       0x10 C:/android-ndk-r8b/platforms/android-8/arch-arm/usr/lib/crtbegin_so.o
 .rel.data.rel.ro._ZTVN10__cxxabiv117__pbase_type_infoE
                0x00008838       0x40 C:/android-ndk-r8b/platforms/android-8/arch-arm/usr/lib/crtbegin_so.o
 .rel.data.rel.ro._ZTIN10__cxxabiv117__pbase_type_infoE
                0x00008878       0x18 C:/android-ndk-r8b/platforms/android-8/arch-arm/usr/lib/crtbegin_so.o
 .rel.data.rel.ro.local
                0x00008890      0x5a0 C:/android-ndk-r8b/platforms/android-8/arch-arm/usr/lib/crtbegin_so.o
 *(.rel.data .rel.data.* .rel.gnu.linkonce.d.*)
 .rel.data      0x00008e30        0x8 C:/android-ndk-r8b/platforms/android-8/arch-arm/usr/lib/crtbegin_so.o
 .rel.data.rel._ZN10__cxxabiv120__unexpected_handlerE
                0x00008e38        0x8 C:/android-ndk-r8b/platforms/android-8/arch-arm/usr/lib/crtbegin_so.o
 .rel.data.rel._ZN10__cxxabiv119__terminate_handlerE
                0x00008e40        0x8 C:/android-ndk-r8b/platforms/android-8/arch-arm/usr/lib/crtbegin_so.o
 *(.rel.tdata .rel.tdata.* .rel.gnu.linkonce.td.*)
 *(.rel.tbss .rel.tbss.* .rel.gnu.linkonce.tb.*)
 *(.rel.ctors)
 *(.rel.dtors)
 *(.rel.got)
 .rel.got       0x00008e48      0x288 C:/android-ndk-r8b/platforms/android-8/arch-arm/usr/lib/crtbegin_so.o
 *(.rel.bss .rel.bss.* .rel.gnu.linkonce.b.*)
 *(.rel.iplt)
 .rel.fini_array
                0x000090d0        0x8 C:/android-ndk-r8b/platforms/android-8/arch-arm/usr/lib/crtbegin_so.o
 .rel.init_array
                0x000090d8       0x20 C:/android-ndk-r8b/platforms/android-8/arch-arm/usr/lib/crtbegin_so.o

.rela.dyn
 *(.rela.init)
 *(.rela.text .rela.text.* .rela.gnu.linkonce.t.*)
 *(.rela.fini)
 *(.rela.rodata .rela.rodata.* .rela.gnu.linkonce.r.*)
 *(.rela.data .rela.data.* .rela.gnu.linkonce.d.*)
 *(.rela.tdata .rela.tdata.* .rela.gnu.linkonce.td.*)
 *(.rela.tbss .rela.tbss.* .rela.gnu.linkonce.tb.*)
 *(.rela.ctors)
 *(.rela.dtors)
 *(.rela.got)
 *(.rela.bss .rela.bss.* .rela.gnu.linkonce.b.*)
 *(.rela.iplt)

.rel.plt        0x000090f8      0x110
 *(.rel.plt)
 .rel.plt       0x000090f8      0x110 C:/android-ndk-r8b/platforms/android-8/arch-arm/usr/lib/crtbegin_so.o

.rela.plt
 *(.rela.plt)

.init
 *(.init)

.plt            0x00009208      0x1ac
 *(.plt)
 .plt           0x00009208      0x1ac C:/android-ndk-r8b/platforms/android-8/arch-arm/usr/lib/crtbegin_so.o

.iplt
 *(.iplt)

.text           0x000093b4    0x148f0
 *(.text.unlikely .text.*_unlikely)
 *(.text.exit .text.exit.*)
 *(.text.startup .text.startup.*)
 .text.startup._GLOBAL__sub_I_system_error.cc
                0x000093b4       0x7c ./obj/local/armeabi/libgnustl_static.a(system_error.o)
 .text.startup._GLOBAL__sub_I_eh_alloc.cc
                0x00009430       0x18 ./obj/local/armeabi/libgnustl_static.a(eh_alloc.o)
 .text.startup._GLOBAL__sub_I_eh_globals.cc
                0x00009448       0x5c ./obj/local/armeabi/libgnustl_static.a(eh_globals.o)
 *(.text.hot .text.hot.*)
 *(.text .stub .text.* .gnu.linkonce.t.*)
 .text          0x000094a4       0x28 C:/android-ndk-r8b/platforms/android-8/arch-arm/usr/lib/crtbegin_so.o
                0x000094b4                atexit
 .text          0x000094cc        0x0 ./obj/local/armeabi/objs-debug/engine/engine_jni.o
 .text._ZN7_JNIEnv9FindClassEPKc
                0x000094cc       0x20 ./obj/local/armeabi/objs-debug/engine/engine_jni.o
                0x000094cc                _JNIEnv::FindClass(char const*)
 .text._ZN7_JNIEnv14DeleteLocalRefEP8_jobject
                0x000094ec       0x1c ./obj/local/armeabi/objs-debug/engine/engine_jni.o
                0x000094ec                _JNIEnv::DeleteLocalRef(_jobject*)
 .text._ZN7_JNIEnv9NewObjectEP7_jclassP10_jmethodIDz
                0x00009508       0x30 ./obj/local/armeabi/objs-debug/engine/engine_jni.o
                0x00009508                _JNIEnv::NewObject(_jclass*, _jmethodID*, ...)
 .text._ZN7_JNIEnv14GetObjectClassEP8_jobject
                0x00009538       0x20 ./obj/local/armeabi/objs-debug/engine/engine_jni.o
                0x00009538                _JNIEnv::GetObjectClass(_jobject*)
 .text._ZN7_JNIEnv11GetMethodIDEP7_jclassPKcS3_
                0x00009558       0x28 ./obj/local/armeabi/objs-debug/engine/engine_jni.o
                0x00009558                _JNIEnv::GetMethodID(_jclass*, char const*, char const*)
 .text._ZN7_JNIEnv10GetFieldIDEP7_jclassPKcS3_
                0x00009580       0x28 ./obj/local/armeabi/objs-debug/engine/engine_jni.o
                0x00009580                _JNIEnv::GetFieldID(_jclass*, char const*, char const*)
 .text._ZN7_JNIEnv14SetObjectFieldEP8_jobjectP9_jfieldIDS1_
                0x000095a8       0x24 ./obj/local/armeabi/objs-debug/engine/engine_jni.o
                0x000095a8                _JNIEnv::SetObjectField(_jobject*, _jfieldID*, _jobject*)
 .text._ZN7_JNIEnv11SetIntFieldEP8_jobjectP9_jfieldIDi
                0x000095cc       0x24 ./obj/local/armeabi/objs-debug/engine/engine_jni.o
                0x000095cc                _JNIEnv::SetIntField(_jobject*, _jfieldID*, int)
 .text._ZN7_JNIEnv14NewObjectArrayEiP7_jclassP8_jobject
                0x000095f0       0x28 ./obj/local/armeabi/objs-debug/engine/engine_jni.o
                0x000095f0                _JNIEnv::NewObjectArray(int, _jclass*, _jobject*)
 .text._ZN7_JNIEnv21SetObjectArrayElementEP13_jobjectArrayiP8_jobject
                0x00009618       0x24 ./obj/local/armeabi/objs-debug/engine/engine_jni.o
                0x00009618                _JNIEnv::SetObjectArrayElement(_jobjectArray*, int, _jobject*)
 .text._ZN7_JNIEnv12NewByteArrayEi
                0x0000963c       0x24 ./obj/local/armeabi/objs-debug/engine/engine_jni.o
                0x0000963c                _JNIEnv::NewByteArray(int)
 .text._ZN7_JNIEnv18SetByteArrayRegionEP11_jbyteArrayiiPKa
                0x00009660       0x28 ./obj/local/armeabi/objs-debug/engine/engine_jni.o
                0x00009660                _JNIEnv::SetByteArrayRegion(_jbyteArray*, int, int, signed char const*)
 .text._ZN5chess6SearchC2Ev
                0x00009688       0x18 ./obj/local/armeabi/objs-debug/engine/engine_jni.o
                0x00009688                chess::Search::Search()
                0x00009688                chess::Search::Search()
 .text._ZN5chess6Search4initEv
                0x000096a0       0x54 ./obj/local/armeabi/objs-debug/engine/engine_jni.o
                0x000096a0                chess::Search::init()
 .text._ZNK5chess6Engine12getMoveCountEv
                0x000096f4       0x1c ./obj/local/armeabi/objs-debug/engine/engine_jni.o
                0x000096f4                chess::Engine::getMoveCount() const
 .text._ZNK5chess6Engine9getPlayerEv
                0x00009710       0x10 ./obj/local/armeabi/objs-debug/engine/engine_jni.o
                0x00009710                chess::Engine::getPlayer() const
 .text._ZL11setIntValueP7_JNIEnvP8_jobjectPKci
                0x00009720       0x44 ./obj/local/armeabi/objs-debug/engine/engine_jni.o
 .text._ZN5chess6EngineC2Ev
                0x00009764       0x2c ./obj/local/armeabi/objs-debug/engine/engine_jni.o
                0x00009764                chess::Engine::Engine()
                0x00009764                chess::Engine::Engine()
 .text.Java_com_thor_chess_Engine_jniInitialize
                0x00009790       0x40 ./obj/local/armeabi/objs-debug/engine/engine_jni.o
                0x00009790                Java_com_thor_chess_Engine_jniInitialize
 .text.Java_com_thor_chess_Engine_jniStartup
                0x000097d0       0x20 ./obj/local/armeabi/objs-debug/engine/engine_jni.o
                0x000097d0                Java_com_thor_chess_Engine_jniStartup
 .text._Z34Java_com_thor_chess_Engine_jniMoveP7_JNIEnvP7_jclassxiiii
                0x000097f0       0x28 ./obj/local/armeabi/objs-debug/engine/engine_jni.o
                0x000097f0                Java_com_thor_chess_Engine_jniMove(_JNIEnv*, _jclass*, long long, int, int, int, int)
 .text.Java_com_thor_chess_Engine_jniUndo
                0x00009818       0x1c ./obj/local/armeabi/objs-debug/engine/engine_jni.o
                0x00009818                Java_com_thor_chess_Engine_jniUndo
 .text.Java_com_thor_chess_Engine_jniGetMoveCount
                0x00009834       0x20 ./obj/local/armeabi/objs-debug/engine/engine_jni.o
                0x00009834                Java_com_thor_chess_Engine_jniGetMoveCount
 .text.Java_com_thor_chess_Engine_jniGetPlayer
                0x00009854       0x20 ./obj/local/armeabi/objs-debug/engine/engine_jni.o
                0x00009854                Java_com_thor_chess_Engine_jniGetPlayer
 .text.Java_com_thor_chess_Engine_jniGetState
                0x00009874      0x1d0 ./obj/local/armeabi/objs-debug/engine/engine_jni.o
                0x00009874                Java_com_thor_chess_Engine_jniGetState
 .text.Java_com_thor_chess_Engine_jniFindSolution
                0x00009a44       0xf4 ./obj/local/armeabi/objs-debug/engine/engine_jni.o
                0x00009a44                Java_com_thor_chess_Engine_jniFindSolution
 .text._ZN5chess6EngineD2Ev
                0x00009b38       0x1c ./obj/local/armeabi/objs-debug/engine/engine_jni.o
                0x00009b38                chess::Engine::~Engine()
                0x00009b38                chess::Engine::~Engine()
 .text.Java_com_thor_chess_Engine_jniDispose
                0x00009b54       0x28 ./obj/local/armeabi/objs-debug/engine/engine_jni.o
                0x00009b54                Java_com_thor_chess_Engine_jniDispose
 .text._ZNKSt6vectorIN5chess10MoveStructESaIS1_EE4sizeEv
                0x00009b7c       0x18 ./obj/local/armeabi/objs-debug/engine/engine_jni.o
                0x00009b7c                std::vector<chess::MoveStruct, std::allocator<chess::MoveStruct> >::size() const
 .text._ZNSt6vectorIN5chess10MoveStructESaIS1_EEC2Ev
                0x00009b94       0x18 ./obj/local/armeabi/objs-debug/engine/engine_jni.o
                0x00009b94                std::vector<chess::MoveStruct, std::allocator<chess::MoveStruct> >::vector()
                0x00009b94                std::vector<chess::MoveStruct, std::allocator<chess::MoveStruct> >::vector()
 .text._ZNSt6vectorIN5chess10MoveStructESaIS1_EED2Ev
                0x00009bac       0x34 ./obj/local/armeabi/objs-debug/engine/engine_jni.o
                0x00009bac                std::vector<chess::MoveStruct, std::allocator<chess::MoveStruct> >::~vector()
                0x00009bac                std::vector<chess::MoveStruct, std::allocator<chess::MoveStruct> >::~vector()
 .text._ZNSt12_Vector_baseIN5chess10MoveStructESaIS1_EE12_Vector_implD2Ev
                0x00009be0       0x18 ./obj/local/armeabi/objs-debug/engine/engine_jni.o
                0x00009be0                std::_Vector_base<chess::MoveStruct, std::allocator<chess::MoveStruct> >::_Vector_impl::~_Vector_impl()
                0x00009be0                std::_Vector_base<chess::MoveStruct, std::allocator<chess::MoveStruct> >::_Vector_impl::~_Vector_impl()
 .text._ZNSt12_Vector_baseIN5chess10MoveStructESaIS1_EEC2Ev
                0x00009bf8       0x18 ./obj/local/armeabi/objs-debug/engine/engine_jni.o
                0x00009bf8                std::_Vector_base<chess::MoveStruct, std::allocator<chess::MoveStruct> >::_Vector_base()
                0x00009bf8                std::_Vector_base<chess::MoveStruct, std::allocator<chess::MoveStruct> >::_Vector_base()
 .text._ZNSt12_Vector_baseIN5chess10MoveStructESaIS1_EED2Ev
                0x00009c10       0x34 ./obj/local/armeabi/objs-debug/engine/engine_jni.o
                0x00009c10                std::_Vector_base<chess::MoveStruct, std::allocator<chess::MoveStruct> >::~_Vector_base()
                0x00009c10                std::_Vector_base<chess::MoveStruct, std::allocator<chess::MoveStruct> >::~_Vector_base()
 .text._ZNSt12_Vector_baseIN5chess10MoveStructESaIS1_EE19_M_get_Tp_allocatorEv
                0x00009c44        0xc ./obj/local/armeabi/objs-debug/engine/engine_jni.o
                0x00009c44                std::_Vector_base<chess::MoveStruct, std::allocator<chess::MoveStruct> >::_M_get_Tp_allocator()
 .text._ZSt8_DestroyIPN5chess10MoveStructES1_EvT_S3_RSaIT0_E
                0x00009c50       0x1c ./obj/local/armeabi/objs-debug/engine/engine_jni.o
                0x00009c50                void std::_Destroy<chess::MoveStruct*, chess::MoveStruct>(chess::MoveStruct*, chess::MoveStruct*, std::allocator<chess::MoveStruct>&)
 .text._ZNSt12_Vector_baseIN5chess10MoveStructESaIS1_EE12_Vector_implC2Ev
                0x00009c6c       0x28 ./obj/local/armeabi/objs-debug/engine/engine_jni.o
                0x00009c6c                std::_Vector_base<chess::MoveStruct, std::allocator<chess::MoveStruct> >::_Vector_impl::_Vector_impl()
                0x00009c6c                std::_Vector_base<chess::MoveStruct, std::allocator<chess::MoveStruct> >::_Vector_impl::_Vector_impl()
 .text._ZNSaIN5chess10MoveStructEED2Ev
                0x00009c94       0x18 ./obj/local/armeabi/objs-debug/engine/engine_jni.o
                0x00009c94                std::allocator<chess::MoveStruct>::~allocator()
                0x00009c94                std::allocator<chess::MoveStruct>::~allocator()
 .text._ZNSt12_Vector_baseIN5chess10MoveStructESaIS1_EE13_M_deallocateEPS1_j
                0x00009cac       0x24 ./obj/local/armeabi/objs-debug/engine/engine_jni.o
                0x00009cac                std::_Vector_base<chess::MoveStruct, std::allocator<chess::MoveStruct> >::_M_deallocate(chess::MoveStruct*, unsigned int)
 .text._ZSt8_DestroyIPN5chess10MoveStructEEvT_S3_
                0x00009cd0       0x18 ./obj/local/armeabi/objs-debug/engine/engine_jni.o
                0x00009cd0                void std::_Destroy<chess::MoveStruct*>(chess::MoveStruct*, chess::MoveStruct*)
 .text._ZNSaIN5chess10MoveStructEEC2Ev
                0x00009ce8       0x18 ./obj/local/armeabi/objs-debug/engine/engine_jni.o
                0x00009ce8                std::allocator<chess::MoveStruct>::allocator()
                0x00009ce8                std::allocator<chess::MoveStruct>::allocator()
 .text._ZN9__gnu_cxx13new_allocatorIN5chess10MoveStructEED2Ev
                0x00009d00        0xc ./obj/local/armeabi/objs-debug/engine/engine_jni.o
                0x00009d00                __gnu_cxx::new_allocator<chess::MoveStruct>::~new_allocator()
                0x00009d00                __gnu_cxx::new_allocator<chess::MoveStruct>::~new_allocator()
 .text._ZN9__gnu_cxx13new_allocatorIN5chess10MoveStructEE10deallocateEPS2_j
                0x00009d0c       0x18 ./obj/local/armeabi/objs-debug/engine/engine_jni.o
                0x00009d0c                __gnu_cxx::new_allocator<chess::MoveStruct>::deallocate(chess::MoveStruct*, unsigned int)
 .text._ZNSt12_Destroy_auxILb1EE9__destroyIPN5chess10MoveStructEEEvT_S5_
                0x00009d24        0xc ./obj/local/armeabi/objs-debug/engine/engine_jni.o
                0x00009d24                void std::_Destroy_aux<true>::__destroy<chess::MoveStruct*>(chess::MoveStruct*, chess::MoveStruct*)
 .text._ZN9__gnu_cxx13new_allocatorIN5chess10MoveStructEEC2Ev
                0x00009d30        0xc ./obj/local/armeabi/objs-debug/engine/engine_jni.o
                0x00009d30                __gnu_cxx::new_allocator<chess::MoveStruct>::new_allocator()
                0x00009d30                __gnu_cxx::new_allocator<chess::MoveStruct>::new_allocator()
 .text          0x00009d3c        0x0 ./obj/local/armeabi/objs-debug/engine/engine.o
 .text._ZSt4__lgi
                0x00009d3c       0x1c ./obj/local/armeabi/objs-debug/engine/engine.o
                0x00009d3c                std::__lg(int)
 .text._ZnwjPv  0x00009d58       0x10 ./obj/local/armeabi/objs-debug/engine/engine.o
                0x00009d58                operator new(unsigned int, void*)
 .text._ZN9RC4Struct8NextbyteEv
                0x00009d68       0xa8 ./obj/local/armeabi/objs-debug/engine/engine.o
                0x00009d68                RC4Struct::Nextbyte()
 .text._ZN9RC4Struct8NextLongEv
                0x00009e10       0x6c ./obj/local/armeabi/objs-debug/engine/engine.o
                0x00009e10                RC4Struct::NextLong()
 .text._ZN9RC4Struct8InitZeroEv
                0x00009e7c       0xbc ./obj/local/armeabi/objs-debug/engine/engine.o
                0x00009e7c                RC4Struct::InitZero()
 .text._ZN13ZobristStruct8InitZeroEv
                0x00009f38       0x20 ./obj/local/armeabi/objs-debug/engine/engine.o
                0x00009f38                ZobristStruct::InitZero()
 .text._ZN13ZobristStruct7InitRC4ER9RC4Struct
                0x00009f58       0x38 ./obj/local/armeabi/objs-debug/engine/engine.o
                0x00009f58                ZobristStruct::InitRC4(RC4Struct&)
 .text._ZN13ZobristStruct3XorERKS_
                0x00009f90       0x34 ./obj/local/armeabi/objs-debug/engine/engine.o
                0x00009f90                ZobristStruct::Xor(ZobristStruct const&)
 .text._ZN8_ZobristC2Ev
                0x00009fc4       0xb4 ./obj/local/armeabi/objs-debug/engine/engine.o
                0x00009fc4                _Zobrist::_Zobrist()
                0x00009fc4                _Zobrist::_Zobrist()
 .text._ZN5chess10MoveStruct3setEiibj
                0x0000a078       0x38 ./obj/local/armeabi/objs-debug/engine/engine.o
                0x0000a078                chess::MoveStruct::set(int, int, bool, unsigned int)
 .text._ZN5chess6Engine8IN_BOARDEi
                0x0000a0b0       0x28 ./obj/local/armeabi/objs-debug/engine/engine.o
                0x0000a0b0                chess::Engine::IN_BOARD(int)
 .text._ZN5chess6Engine7IN_FORTEi
                0x0000a0d8       0x28 ./obj/local/armeabi/objs-debug/engine/engine.o
                0x0000a0d8                chess::Engine::IN_FORT(int)
 .text._ZN5chess6Engine6RANK_YEi
                0x0000a100       0x10 ./obj/local/armeabi/objs-debug/engine/engine.o
                0x0000a100                chess::Engine::RANK_Y(int)
 .text._ZN5chess6Engine6FILE_XEi
                0x0000a110       0x10 ./obj/local/armeabi/objs-debug/engine/engine.o
                0x0000a110                chess::Engine::FILE_X(int)
 .text._ZN5chess6Engine8COORD_XYEii
                0x0000a120       0x14 ./obj/local/armeabi/objs-debug/engine/engine.o
                0x0000a120                chess::Engine::COORD_XY(int, int)
 .text._ZN5chess6Engine11SQUARE_FLIPEi
                0x0000a134       0x10 ./obj/local/armeabi/objs-debug/engine/engine.o
                0x0000a134                chess::Engine::SQUARE_FLIP(int)
 .text._ZN5chess6Engine9FILE_FLIPEi
                0x0000a144       0x10 ./obj/local/armeabi/objs-debug/engine/engine.o
                0x0000a144                chess::Engine::FILE_FLIP(int)
 .text._ZN5chess6Engine9RANK_FLIPEi
                0x0000a154       0x10 ./obj/local/armeabi/objs-debug/engine/engine.o
                0x0000a154                chess::Engine::RANK_FLIP(int)
 .text._ZN5chess6Engine13MIRROR_SQUAREEi
                0x0000a164       0x34 ./obj/local/armeabi/objs-debug/engine/engine.o
                0x0000a164                chess::Engine::MIRROR_SQUARE(int)
 .text._ZN5chess6Engine14SQUARE_FORWARDEii
                0x0000a198       0x18 ./obj/local/armeabi/objs-debug/engine/engine.o
                0x0000a198                chess::Engine::SQUARE_FORWARD(int, int)
 .text._ZN5chess6Engine9KING_SPANEii
                0x0000a1b0       0x34 ./obj/local/armeabi/objs-debug/engine/engine.o
                0x0000a1b0                chess::Engine::KING_SPAN(int, int)
 .text._ZN5chess6Engine12ADVISOR_SPANEii
                0x0000a1e4       0x34 ./obj/local/armeabi/objs-debug/engine/engine.o
                0x0000a1e4                chess::Engine::ADVISOR_SPAN(int, int)
 .text._ZN5chess6Engine11BISHOP_SPANEii
                0x0000a218       0x34 ./obj/local/armeabi/objs-debug/engine/engine.o
                0x0000a218                chess::Engine::BISHOP_SPAN(int, int)
 .text._ZN5chess6Engine10BISHOP_PINEii
                0x0000a24c       0x14 ./obj/local/armeabi/objs-debug/engine/engine.o
                0x0000a24c                chess::Engine::BISHOP_PIN(int, int)
 .text._ZN5chess6Engine10KNIGHT_PINEii
                0x0000a260       0x30 ./obj/local/armeabi/objs-debug/engine/engine.o
                0x0000a260                chess::Engine::KNIGHT_PIN(int, int)
 .text._ZN5chess6Engine9HOME_HALFEii
                0x0000a290       0x20 ./obj/local/armeabi/objs-debug/engine/engine.o
                0x0000a290                chess::Engine::HOME_HALF(int, int)
 .text._ZN5chess6Engine9AWAY_HALFEii
                0x0000a2b0       0x20 ./obj/local/armeabi/objs-debug/engine/engine.o
                0x0000a2b0                chess::Engine::AWAY_HALF(int, int)
 .text._ZN5chess6Engine9SAME_HALFEii
                0x0000a2d0       0x20 ./obj/local/armeabi/objs-debug/engine/engine.o
                0x0000a2d0                chess::Engine::SAME_HALF(int, int)
 .text._ZN5chess6Engine9SAME_RANKEii
                0x0000a2f0       0x20 ./obj/local/armeabi/objs-debug/engine/engine.o
                0x0000a2f0                chess::Engine::SAME_RANK(int, int)
 .text._ZN5chess6Engine9SAME_FILEEii
                0x0000a310       0x20 ./obj/local/armeabi/objs-debug/engine/engine.o
                0x0000a310                chess::Engine::SAME_FILE(int, int)
 .text._ZN5chess6Engine8SIDE_TAGEi
                0x0000a330       0x10 ./obj/local/armeabi/objs-debug/engine/engine.o
                0x0000a330                chess::Engine::SIDE_TAG(int)
 .text._ZN5chess6Engine12OPP_SIDE_TAGEi
                0x0000a340       0x14 ./obj/local/armeabi/objs-debug/engine/engine.o
                0x0000a340                chess::Engine::OPP_SIDE_TAG(int)
 .text._ZN5chess6Engine3SRCEi
                0x0000a354       0x10 ./obj/local/armeabi/objs-debug/engine/engine.o
                0x0000a354                chess::Engine::SRC(int)
 .text._ZN5chess6Engine3DSTEi
                0x0000a364       0x10 ./obj/local/armeabi/objs-debug/engine/engine.o
                0x0000a364                chess::Engine::DST(int)
 .text._ZN5chess6Engine4MOVEEii
                0x0000a374       0x14 ./obj/local/armeabi/objs-debug/engine/engine.o
                0x0000a374                chess::Engine::MOVE(int, int)
 .text._ZN5chess6Engine5clearEv
                0x0000a388       0x64 ./obj/local/armeabi/objs-debug/engine/engine.o
                0x0000a388                chess::Engine::clear()
 .text._ZN5chess6Engine12clearHistoryEv
                0x0000a3ec       0x3c ./obj/local/armeabi/objs-debug/engine/engine.o
                0x0000a3ec                chess::Engine::clearHistory()
 .text._ZN5chess6Engine10changeSideEv
                0x0000a428       0x38 ./obj/local/armeabi/objs-debug/engine/engine.o
                0x0000a428                chess::Engine::changeSide()
 .text._ZN5chess6Engine8addPieceEii
                0x0000a460       0xf0 ./obj/local/armeabi/objs-debug/engine/engine.o
                0x0000a460                chess::Engine::addPiece(int, int)
 .text._ZN5chess6Engine8delPieceEii
                0x0000a550       0xec ./obj/local/armeabi/objs-debug/engine/engine.o
                0x0000a550                chess::Engine::delPiece(int, int)
 .text._ZNK5chess6Engine8evaluateEv
                0x0000a63c       0x3c ./obj/local/armeabi/objs-debug/engine/engine.o
                0x0000a63c                chess::Engine::evaluate() const
 .text._ZNK5chess6Engine7inCheckEv
                0x0000a678       0x28 ./obj/local/armeabi/objs-debug/engine/engine.o
                0x0000a678                chess::Engine::inCheck() const
 .text._ZNK5chess6Engine8capturedEv
                0x0000a6a0       0x28 ./obj/local/armeabi/objs-debug/engine/engine.o
                0x0000a6a0                chess::Engine::captured() const
 .text._ZN5chess6Engine8putPieceEi
                0x0000a6c8       0x74 ./obj/local/armeabi/objs-debug/engine/engine.o
                0x0000a6c8                chess::Engine::putPiece(int)
 .text._ZN5chess6Engine7undoPutEii
                0x0000a73c       0x68 ./obj/local/armeabi/objs-debug/engine/engine.o
                0x0000a73c                chess::Engine::undoPut(int, int)
 .text._ZN5chess6Engine4moveEi
                0x0000a7a4       0xa4 ./obj/local/armeabi/objs-debug/engine/engine.o
                0x0000a7a4                chess::Engine::move(int)
 .text._ZN5chess6Engine8undoMoveEv
                0x0000a848       0x68 ./obj/local/armeabi/objs-debug/engine/engine.o
                0x0000a848                chess::Engine::undoMove()
 .text._ZN5chess6Engine8nullMoveEv
                0x0000a8b0       0x64 ./obj/local/armeabi/objs-debug/engine/engine.o
                0x0000a8b0                chess::Engine::nullMove()
 .text._ZN5chess6Engine12undoNullMoveEv
                0x0000a914       0x38 ./obj/local/armeabi/objs-debug/engine/engine.o
                0x0000a914                chess::Engine::undoNullMove()
 .text._ZNK5chess6Engine13allowNullMoveEv
                0x0000a94c       0x44 ./obj/local/armeabi/objs-debug/engine/engine.o
                0x0000a94c                chess::Engine::allowNullMove() const
 .text._ZNK5chess6Engine14getRepeatValueEi
                0x0000a990       0x60 ./obj/local/armeabi/objs-debug/engine/engine.o
                0x0000a990                chess::Engine::getRepeatValue(int) const
 .text._ZNK5chess6Engine12getDrawValueEv
                0x0000a9f0       0x20 ./obj/local/armeabi/objs-debug/engine/engine.o
                0x0000a9f0                chess::Engine::getDrawValue() const
 .text.rand     0x0000aa10        0xc ./obj/local/armeabi/objs-debug/engine/engine.o
 .text._ZNK5chess6Engine13generateMovesEPib
                0x0000aa1c      0x684 ./obj/local/armeabi/objs-debug/engine/engine.o
                0x0000aa1c                chess::Engine::generateMoves(int*, bool) const
 .text._ZNK5chess6Engine8testMoveEi
                0x0000b0a0      0x288 ./obj/local/armeabi/objs-debug/engine/engine.o
                0x0000b0a0                chess::Engine::testMove(int) const
 .text._ZNK5chess6Engine7checkedEv
                0x0000b328      0x224 ./obj/local/armeabi/objs-debug/engine/engine.o
                0x0000b328                chess::Engine::checked() const
 .text._ZN5chess6Engine6isMateEv
                0x0000b54c       0xb4 ./obj/local/armeabi/objs-debug/engine/engine.o
                0x0000b54c                chess::Engine::isMate()
 .text._ZNK5chess6Engine12getRepeatPosEi
                0x0000b600       0xfc ./obj/local/armeabi/objs-debug/engine/engine.o
                0x0000b600                chess::Engine::getRepeatPos(int) const
 .text._ZNK5chess6Engine6mirrorERS0_
                0x0000b6fc       0x78 ./obj/local/armeabi/objs-debug/engine/engine.o
                0x0000b6fc                chess::Engine::mirror(chess::Engine&) const
 .text._ZN5chess6Engine7startupEi
                0x0000b774       0x78 ./obj/local/armeabi/objs-debug/engine/engine.o
                0x0000b774                chess::Engine::startup(int)
 .text._ZN5chessL11compareBookEPKvS1_
                0x0000b7ec       0x18 ./obj/local/armeabi/objs-debug/engine/engine.o
 .text._ZN5chess6Engine10searchBookEv
                0x0000b804        0xc ./obj/local/armeabi/objs-debug/engine/engine.o
                0x0000b804                chess::Engine::searchBook()
 .text._ZN5chess6Engine9probeHashEiiiRi
                0x0000b810      0x190 ./obj/local/armeabi/objs-debug/engine/engine.o
                0x0000b810                chess::Engine::probeHash(int, int, int, int&)
 .text._ZN5chess6Engine10recordHashEiiii
                0x0000b9a0      0x138 ./obj/local/armeabi/objs-debug/engine/engine.o
                0x0000b9a0                chess::Engine::recordHash(int, int, int, int)
 .text._ZN5chess13CompareMvvLvaC2EPh
                0x0000bad8       0x14 ./obj/local/armeabi/objs-debug/engine/engine.o
                0x0000bad8                chess::CompareMvvLva::CompareMvvLva(unsigned char*)
                0x0000bad8                chess::CompareMvvLva::CompareMvvLva(unsigned char*)
 .text._ZN5chess13CompareMvvLvaclEjj
                0x0000baec       0x38 ./obj/local/armeabi/objs-debug/engine/engine.o
                0x0000baec                chess::CompareMvvLva::operator()(unsigned int, unsigned int)
 .text._ZN5chess2toEj
                0x0000bb24       0x10 ./obj/local/armeabi/objs-debug/engine/engine.o
                0x0000bb24                chess::to(unsigned int)
 .text._ZN5chess4fromEj
                0x0000bb34       0x10 ./obj/local/armeabi/objs-debug/engine/engine.o
                0x0000bb34                chess::from(unsigned int)
 .text._ZN5chess13CompareMvvLva7mvv_lvaEj
                0x0000bb44       0x50 ./obj/local/armeabi/objs-debug/engine/engine.o
                0x0000bb44                chess::CompareMvvLva::mvv_lva(unsigned int)
 .text._ZN5chess14CompareHistoryC2EPi
                0x0000bb94       0x14 ./obj/local/armeabi/objs-debug/engine/engine.o
                0x0000bb94                chess::CompareHistory::CompareHistory(int*)
                0x0000bb94                chess::CompareHistory::CompareHistory(int*)
 .text._ZN5chess14CompareHistoryclEjj
                0x0000bba8       0x34 ./obj/local/armeabi/objs-debug/engine/engine.o
                0x0000bba8                chess::CompareHistory::operator()(unsigned int, unsigned int)
 .text._ZN5chess10SortStructC2ERNS_6EngineERNS_6SearchEi
                0x0000bbdc       0x70 ./obj/local/armeabi/objs-debug/engine/engine.o
                0x0000bbdc                chess::SortStruct::SortStruct(chess::Engine&, chess::Search&, int)
                0x0000bbdc                chess::SortStruct::SortStruct(chess::Engine&, chess::Search&, int)
 .text._ZN5chess10SortStruct4nextEv
                0x0000bc4c      0x16c ./obj/local/armeabi/objs-debug/engine/engine.o
                0x0000bc4c                chess::SortStruct::next()
 .text._ZN5chess6Engine16searchQuiescenceEii
                0x0000bdb8      0x1a8 ./obj/local/armeabi/objs-debug/engine/engine.o
                0x0000bdb8                chess::Engine::searchQuiescence(int, int)
 .text._ZN5chess6Engine11setBestMoveEii
                0x0000bf60       0x6c ./obj/local/armeabi/objs-debug/engine/engine.o
                0x0000bf60                chess::Engine::setBestMove(int, int)
 .text._ZN5chess6Engine10searchFullEiiib
                0x0000bfcc      0x24c ./obj/local/armeabi/objs-debug/engine/engine.o
                0x0000bfcc                chess::Engine::searchFull(int, int, int, bool)
 .text._ZN5chess6Engine10searchRootEi
                0x0000c218      0x15c ./obj/local/armeabi/objs-debug/engine/engine.o
                0x0000c218                chess::Engine::searchRoot(int)
 .text._ZN5chess6Engine10searchMainEf
                0x0000c374       0x4c ./obj/local/armeabi/objs-debug/engine/engine.o
                0x0000c374                chess::Engine::searchMain(float)
 .text._ZN5chess6Engine4moveEiiii
                0x0000c3c0      0x12c ./obj/local/armeabi/objs-debug/engine/engine.o
                0x0000c3c0                chess::Engine::move(int, int, int, int)
 .text._ZN5chess6Engine4undoEv
                0x0000c4ec       0x88 ./obj/local/armeabi/objs-debug/engine/engine.o
                0x0000c4ec                chess::Engine::undo()
 .text._ZN5chess6Engine8getStateEPh
                0x0000c574      0x16c ./obj/local/armeabi/objs-debug/engine/engine.o
                0x0000c574                chess::Engine::getState(unsigned char*)
 .text._ZN5chess6Engine12findSolutionEfRiS1_S1_S1_
                0x0000c6e0       0xe4 ./obj/local/armeabi/objs-debug/engine/engine.o
                0x0000c6e0                chess::Engine::findSolution(float, int&, int&, int&, int&)
 .text._ZSt4sortIPiN5chess14CompareHistoryEEvT_S3_T0_
                0x0000c7c4       0x44 ./obj/local/armeabi/objs-debug/engine/engine.o
                0x0000c7c4                void std::sort<int*, chess::CompareHistory>(int*, int*, chess::CompareHistory)
 .text._ZSt4sortIPiN5chess13CompareMvvLvaEEvT_S3_T0_
                0x0000c808       0x44 ./obj/local/armeabi/objs-debug/engine/engine.o
                0x0000c808                void std::sort<int*, chess::CompareMvvLva>(int*, int*, chess::CompareMvvLva)
 .text._ZNSt6vectorIN5chess10MoveStructESaIS1_EE9push_backERKS1_
                0x0000c84c       0x50 ./obj/local/armeabi/objs-debug/engine/engine.o
                0x0000c84c                std::vector<chess::MoveStruct, std::allocator<chess::MoveStruct> >::push_back(chess::MoveStruct const&)
 .text._ZNSt6vectorIN5chess10MoveStructESaIS1_EE8pop_backEv
                0x0000c89c       0x24 ./obj/local/armeabi/objs-debug/engine/engine.o
                0x0000c89c                std::vector<chess::MoveStruct, std::allocator<chess::MoveStruct> >::pop_back()
 .text._ZNSt6vectorIN5chess10MoveStructESaIS1_EE4backEv
                0x0000c8c0       0x38 ./obj/local/armeabi/objs-debug/engine/engine.o
                0x0000c8c0                std::vector<chess::MoveStruct, std::allocator<chess::MoveStruct> >::back()
 .text._ZSt16__introsort_loopIPiiN5chess14CompareHistoryEEvT_S3_T0_T1_
                0x0000c8f8       0x64 ./obj/local/armeabi/objs-debug/engine/engine.o
                0x0000c8f8                void std::__introsort_loop<int*, int, chess::CompareHistory>(int*, int*, int, chess::CompareHistory)
 .text._ZSt22__final_insertion_sortIPiN5chess14CompareHistoryEEvT_S3_T0_
                0x0000c95c       0x54 ./obj/local/armeabi/objs-debug/engine/engine.o
                0x0000c95c                void std::__final_insertion_sort<int*, chess::CompareHistory>(int*, int*, chess::CompareHistory)
 .text._ZSt16__introsort_loopIPiiN5chess13CompareMvvLvaEEvT_S3_T0_T1_
                0x0000c9b0       0x64 ./obj/local/armeabi/objs-debug/engine/engine.o
                0x0000c9b0                void std::__introsort_loop<int*, int, chess::CompareMvvLva>(int*, int*, int, chess::CompareMvvLva)
 .text._ZSt22__final_insertion_sortIPiN5chess13CompareMvvLvaEEvT_S3_T0_
                0x0000ca14       0x54 ./obj/local/armeabi/objs-debug/engine/engine.o
                0x0000ca14                void std::__final_insertion_sort<int*, chess::CompareMvvLva>(int*, int*, chess::CompareMvvLva)
 .text._ZN9__gnu_cxx13new_allocatorIN5chess10MoveStructEE9constructEPS2_RKS2_
                0x0000ca68       0x28 ./obj/local/armeabi/objs-debug/engine/engine.o
                0x0000ca68                __gnu_cxx::new_allocator<chess::MoveStruct>::construct(chess::MoveStruct*, chess::MoveStruct const&)
 .text._ZNSt6vectorIN5chess10MoveStructESaIS1_EE13_M_insert_auxEN9__gnu_cxx17__normal_iteratorIPS1_S3_EERKS1_
                0x0000ca90      0x18c ./obj/local/armeabi/objs-debug/engine/engine.o
                0x0000ca90                std::vector<chess::MoveStruct, std::allocator<chess::MoveStruct> >::_M_insert_aux(__gnu_cxx::__normal_iterator<chess::MoveStruct*, std::vector<chess::MoveStruct, std::allocator<chess::MoveStruct> > >, chess::MoveStruct const&)
 .text._ZNSt6vectorIN5chess10MoveStructESaIS1_EE3endEv
                0x0000cc1c       0x1c ./obj/local/armeabi/objs-debug/engine/engine.o
                0x0000cc1c                std::vector<chess::MoveStruct, std::allocator<chess::MoveStruct> >::end()
 .text._ZN5chess10MoveStructD2Ev
                0x0000cc38        0xc ./obj/local/armeabi/objs-debug/engine/engine.o
                0x0000cc38                chess::MoveStruct::~MoveStruct()
                0x0000cc38                chess::MoveStruct::~MoveStruct()
 .text._ZN9__gnu_cxx13new_allocatorIN5chess10MoveStructEE7destroyEPS2_
                0x0000cc44       0x14 ./obj/local/armeabi/objs-debug/engine/engine.o
                0x0000cc44                __gnu_cxx::new_allocator<chess::MoveStruct>::destroy(chess::MoveStruct*)
 .text._ZNK9__gnu_cxx17__normal_iteratorIPN5chess10MoveStructESt6vectorIS2_SaIS2_EEEmiERKi
                0x0000cc58       0x2c ./obj/local/armeabi/objs-debug/engine/engine.o
                0x0000cc58                __gnu_cxx::__normal_iterator<chess::MoveStruct*, std::vector<chess::MoveStruct, std::allocator<chess::MoveStruct> > >::operator-(int const&) const
 .text._ZNK9__gnu_cxx17__normal_iteratorIPN5chess10MoveStructESt6vectorIS2_SaIS2_EEEdeEv
                0x0000cc84       0x10 ./obj/local/armeabi/objs-debug/engine/engine.o
                0x0000cc84                __gnu_cxx::__normal_iterator<chess::MoveStruct*, std::vector<chess::MoveStruct, std::allocator<chess::MoveStruct> > >::operator*() const
 .text._ZSt12partial_sortIPiN5chess14CompareHistoryEEvT_S3_S3_T0_
                0x0000cc94       0x2c ./obj/local/armeabi/objs-debug/engine/engine.o
                0x0000cc94                void std::partial_sort<int*, chess::CompareHistory>(int*, int*, int*, chess::CompareHistory)
 .text._ZSt27__unguarded_partition_pivotIPiN5chess14CompareHistoryEET_S3_S3_T0_
                0x0000ccc0       0x44 ./obj/local/armeabi/objs-debug/engine/engine.o
                0x0000ccc0                int* std::__unguarded_partition_pivot<int*, chess::CompareHistory>(int*, int*, chess::CompareHistory)
 .text._ZSt16__insertion_sortIPiN5chess14CompareHistoryEEvT_S3_T0_
                0x0000cd04       0x80 ./obj/local/armeabi/objs-debug/engine/engine.o
                0x0000cd04                void std::__insertion_sort<int*, chess::CompareHistory>(int*, int*, chess::CompareHistory)
 .text._ZSt26__unguarded_insertion_sortIPiN5chess14CompareHistoryEEvT_S3_T0_
                0x0000cd84       0x38 ./obj/local/armeabi/objs-debug/engine/engine.o
                0x0000cd84                void std::__unguarded_insertion_sort<int*, chess::CompareHistory>(int*, int*, chess::CompareHistory)
 .text._ZSt12partial_sortIPiN5chess13CompareMvvLvaEEvT_S3_S3_T0_
                0x0000cdbc       0x2c ./obj/local/armeabi/objs-debug/engine/engine.o
                0x0000cdbc                void std::partial_sort<int*, chess::CompareMvvLva>(int*, int*, int*, chess::CompareMvvLva)
 .text._ZSt27__unguarded_partition_pivotIPiN5chess13CompareMvvLvaEET_S3_S3_T0_
                0x0000cde8       0x44 ./obj/local/armeabi/objs-debug/engine/engine.o
                0x0000cde8                int* std::__unguarded_partition_pivot<int*, chess::CompareMvvLva>(int*, int*, chess::CompareMvvLva)
 .text._ZSt16__insertion_sortIPiN5chess13CompareMvvLvaEEvT_S3_T0_
                0x0000ce2c       0x80 ./obj/local/armeabi/objs-debug/engine/engine.o
                0x0000ce2c                void std::__insertion_sort<int*, chess::CompareMvvLva>(int*, int*, chess::CompareMvvLva)
 .text._ZSt26__unguarded_insertion_sortIPiN5chess13CompareMvvLvaEEvT_S3_T0_
                0x0000ceac       0x38 ./obj/local/armeabi/objs-debug/engine/engine.o
                0x0000ceac                void std::__unguarded_insertion_sort<int*, chess::CompareMvvLva>(int*, int*, chess::CompareMvvLva)
 .text._ZNK9__gnu_cxx17__normal_iteratorIPN5chess10MoveStructESt6vectorIS2_SaIS2_EEE4baseEv
                0x0000cee4        0xc ./obj/local/armeabi/objs-debug/engine/engine.o
                0x0000cee4                __gnu_cxx::__normal_iterator<chess::MoveStruct*, std::vector<chess::MoveStruct, std::allocator<chess::MoveStruct> > >::base() const
 .text._ZSt13copy_backwardIPN5chess10MoveStructES2_ET0_T_S4_S3_
                0x0000cef0       0x34 ./obj/local/armeabi/objs-debug/engine/engine.o
                0x0000cef0                chess::MoveStruct* std::copy_backward<chess::MoveStruct*, chess::MoveStruct*>(chess::MoveStruct*, chess::MoveStruct*, chess::MoveStruct*)
 .text._ZNKSt6vectorIN5chess10MoveStructESaIS1_EE12_M_check_lenEjPKc
                0x0000cf24       0x94 ./obj/local/armeabi/objs-debug/engine/engine.o
                0x0000cf24                std::vector<chess::MoveStruct, std::allocator<chess::MoveStruct> >::_M_check_len(unsigned int, char const*) const
 .text._ZNSt6vectorIN5chess10MoveStructESaIS1_EE5beginEv
                0x0000cfb8       0x1c ./obj/local/armeabi/objs-debug/engine/engine.o
                0x0000cfb8                std::vector<chess::MoveStruct, std::allocator<chess::MoveStruct> >::begin()
 .text._ZN9__gnu_cxxmiIPN5chess10MoveStructESt6vectorIS2_SaIS2_EEEENS_17__normal_iteratorIT_T0_E15difference_typeERKSA_SD_
                0x0000cfd4       0x2c ./obj/local/armeabi/objs-debug/engine/engine.o
                0x0000cfd4                __gnu_cxx::__normal_iterator<chess::MoveStruct*, std::vector<chess::MoveStruct, std::allocator<chess::MoveStruct> > >::difference_type __gnu_cxx::operator-<chess::MoveStruct*, std::vector<chess::MoveStruct, std::allocator<chess::MoveStruct> > >(__gnu_cxx::__normal_iterator<chess::MoveStruct*, std::vector<chess::MoveStruct, std::allocator<chess::MoveStruct> > > const&, __gnu_cxx::__normal_iterator<chess::MoveStruct*, std::vector<chess::MoveStruct, std::allocator<chess::MoveStruct> > > const&)
 .text._ZNSt12_Vector_baseIN5chess10MoveStructESaIS1_EE11_M_allocateEj
                0x0000d000       0x28 ./obj/local/armeabi/objs-debug/engine/engine.o
                0x0000d000                std::_Vector_base<chess::MoveStruct, std::allocator<chess::MoveStruct> >::_M_allocate(unsigned int)
 .text._ZSt22__uninitialized_move_aIPN5chess10MoveStructES2_SaIS1_EET0_T_S5_S4_RT1_
                0x0000d028       0x20 ./obj/local/armeabi/objs-debug/engine/engine.o
                0x0000d028                chess::MoveStruct* std::__uninitialized_move_a<chess::MoveStruct*, chess::MoveStruct*, std::allocator<chess::MoveStruct> >(chess::MoveStruct*, chess::MoveStruct*, chess::MoveStruct*, std::allocator<chess::MoveStruct>&)
 .text._ZN9__gnu_cxx17__normal_iteratorIPN5chess10MoveStructESt6vectorIS2_SaIS2_EEEC2ERKS3_
                0x0000d048       0x18 ./obj/local/armeabi/objs-debug/engine/engine.o
                0x0000d048                __gnu_cxx::__normal_iterator<chess::MoveStruct*, std::vector<chess::MoveStruct, std::allocator<chess::MoveStruct> > >::__normal_iterator(chess::MoveStruct* const&)
                0x0000d048                __gnu_cxx::__normal_iterator<chess::MoveStruct*, std::vector<chess::MoveStruct, std::allocator<chess::MoveStruct> > >::__normal_iterator(chess::MoveStruct* const&)
 .text._ZSt13__heap_selectIPiN5chess14CompareHistoryEEvT_S3_S3_T0_
                0x0000d060       0x64 ./obj/local/armeabi/objs-debug/engine/engine.o
                0x0000d060                void std::__heap_select<int*, chess::CompareHistory>(int*, int*, int*, chess::CompareHistory)
 .text._ZSt9sort_heapIPiN5chess14CompareHistoryEEvT_S3_T0_
                0x0000d0c4       0x38 ./obj/local/armeabi/objs-debug/engine/engine.o
                0x0000d0c4                void std::sort_heap<int*, chess::CompareHistory>(int*, int*, chess::CompareHistory)
 .text._ZSt19__move_median_firstIPiN5chess14CompareHistoryEEvT_S3_S3_T0_
                0x0000d0fc       0xcc ./obj/local/armeabi/objs-debug/engine/engine.o
                0x0000d0fc                void std::__move_median_first<int*, chess::CompareHistory>(int*, int*, int*, chess::CompareHistory)
 .text._ZSt21__unguarded_partitionIPiiN5chess14CompareHistoryEET_S3_S3_RKT0_T1_
                0x0000d1c8       0x7c ./obj/local/armeabi/objs-debug/engine/engine.o
                0x0000d1c8                int* std::__unguarded_partition<int*, int, chess::CompareHistory>(int*, int*, int const&, chess::CompareHistory)
 .text._ZSt13copy_backwardIPiS0_ET0_T_S2_S1_
                0x0000d244       0x34 ./obj/local/armeabi/objs-debug/engine/engine.o
                0x0000d244                int* std::copy_backward<int*, int*>(int*, int*, int*)
 .text._ZSt25__unguarded_linear_insertIPiN5chess14CompareHistoryEEvT_T0_
                0x0000d278       0x4c ./obj/local/armeabi/objs-debug/engine/engine.o
                0x0000d278                void std::__unguarded_linear_insert<int*, chess::CompareHistory>(int*, chess::CompareHistory)
 .text._ZSt13__heap_selectIPiN5chess13CompareMvvLvaEEvT_S3_S3_T0_
                0x0000d2c4       0x64 ./obj/local/armeabi/objs-debug/engine/engine.o
                0x0000d2c4                void std::__heap_select<int*, chess::CompareMvvLva>(int*, int*, int*, chess::CompareMvvLva)
 .text._ZSt9sort_heapIPiN5chess13CompareMvvLvaEEvT_S3_T0_
                0x0000d328       0x38 ./obj/local/armeabi/objs-debug/engine/engine.o
                0x0000d328                void std::sort_heap<int*, chess::CompareMvvLva>(int*, int*, chess::CompareMvvLva)
 .text._ZSt19__move_median_firstIPiN5chess13CompareMvvLvaEEvT_S3_S3_T0_
                0x0000d360       0xcc ./obj/local/armeabi/objs-debug/engine/engine.o
                0x0000d360                void std::__move_median_first<int*, chess::CompareMvvLva>(int*, int*, int*, chess::CompareMvvLva)
 .text._ZSt21__unguarded_partitionIPiiN5chess13CompareMvvLvaEET_S3_S3_RKT0_T1_
                0x0000d42c       0x7c ./obj/local/armeabi/objs-debug/engine/engine.o
                0x0000d42c                int* std::__unguarded_partition<int*, int, chess::CompareMvvLva>(int*, int*, int const&, chess::CompareMvvLva)
 .text._ZSt25__unguarded_linear_insertIPiN5chess13CompareMvvLvaEEvT_T0_
                0x0000d4a8       0x4c ./obj/local/armeabi/objs-debug/engine/engine.o
                0x0000d4a8                void std::__unguarded_linear_insert<int*, chess::CompareMvvLva>(int*, chess::CompareMvvLva)
 .text._ZSt12__miter_baseIPN5chess10MoveStructEENSt11_Miter_baseIT_E13iterator_typeES4_
                0x0000d4f4       0x18 ./obj/local/armeabi/objs-debug/engine/engine.o
                0x0000d4f4                std::_Miter_base<chess::MoveStruct*>::iterator_type std::__miter_base<chess::MoveStruct*>(chess::MoveStruct*)
 .text._ZSt23__copy_move_backward_a2ILb0EPN5chess10MoveStructES2_ET1_T0_S4_S3_
                0x0000d50c       0x3c ./obj/local/armeabi/objs-debug/engine/engine.o
                0x0000d50c                chess::MoveStruct* std::__copy_move_backward_a2<false, chess::MoveStruct*, chess::MoveStruct*>(chess::MoveStruct*, chess::MoveStruct*, chess::MoveStruct*)
 .text._ZNKSt6vectorIN5chess10MoveStructESaIS1_EE8max_sizeEv
                0x0000d548       0x20 ./obj/local/armeabi/objs-debug/engine/engine.o
                0x0000d548                std::vector<chess::MoveStruct, std::allocator<chess::MoveStruct> >::max_size() const
 .text._ZSt3maxIjERKT_S2_S2_
                0x0000d568       0x20 ./obj/local/armeabi/objs-debug/engine/engine.o
                0x0000d568                unsigned int const& std::max<unsigned int>(unsigned int const&, unsigned int const&)
 .text._ZN9__gnu_cxx13new_allocatorIN5chess10MoveStructEE8allocateEjPKv
                0x0000d588       0x38 ./obj/local/armeabi/objs-debug/engine/engine.o
                0x0000d588                __gnu_cxx::new_allocator<chess::MoveStruct>::allocate(unsigned int, void const*)
 .text._ZSt22__uninitialized_copy_aIPN5chess10MoveStructES2_S1_ET0_T_S4_S3_RSaIT1_E
                0x0000d5c0       0x24 ./obj/local/armeabi/objs-debug/engine/engine.o
                0x0000d5c0                chess::MoveStruct* std::__uninitialized_copy_a<chess::MoveStruct*, chess::MoveStruct*, chess::MoveStruct>(chess::MoveStruct*, chess::MoveStruct*, chess::MoveStruct*, std::allocator<chess::MoveStruct>&)
 .text._ZSt9make_heapIPiN5chess14CompareHistoryEEvT_S3_T0_
                0x0000d5e4       0x60 ./obj/local/armeabi/objs-debug/engine/engine.o
                0x0000d5e4                void std::make_heap<int*, chess::CompareHistory>(int*, int*, chess::CompareHistory)
 .text._ZSt10__pop_heapIPiN5chess14CompareHistoryEEvT_S3_S3_T0_
                0x0000d644       0x38 ./obj/local/armeabi/objs-debug/engine/engine.o
                0x0000d644                void std::__pop_heap<int*, chess::CompareHistory>(int*, int*, int*, chess::CompareHistory)
 .text._ZSt9iter_swapIPiS0_EvT_T0_
                0x0000d67c       0x18 ./obj/local/armeabi/objs-debug/engine/engine.o
                0x0000d67c                void std::iter_swap<int*, int*>(int*, int*)
 .text._ZSt12__miter_baseIPiENSt11_Miter_baseIT_E13iterator_typeES2_
                0x0000d694       0x18 ./obj/local/armeabi/objs-debug/engine/engine.o
                0x0000d694                std::_Miter_base<int*>::iterator_type std::__miter_base<int*>(int*)
 .text._ZSt23__copy_move_backward_a2ILb0EPiS0_ET1_T0_S2_S1_
                0x0000d6ac       0x3c ./obj/local/armeabi/objs-debug/engine/engine.o
                0x0000d6ac                int* std::__copy_move_backward_a2<false, int*, int*>(int*, int*, int*)
 .text._ZSt9make_heapIPiN5chess13CompareMvvLvaEEvT_S3_T0_
                0x0000d6e8       0x60 ./obj/local/armeabi/objs-debug/engine/engine.o
                0x0000d6e8                void std::make_heap<int*, chess::CompareMvvLva>(int*, int*, chess::CompareMvvLva)
 .text._ZSt10__pop_heapIPiN5chess13CompareMvvLvaEEvT_S3_S3_T0_
                0x0000d748       0x38 ./obj/local/armeabi/objs-debug/engine/engine.o
                0x0000d748                void std::__pop_heap<int*, chess::CompareMvvLva>(int*, int*, int*, chess::CompareMvvLva)
 .text._ZNSt10_Iter_baseIPN5chess10MoveStructELb0EE7_S_baseES2_
                0x0000d780        0xc ./obj/local/armeabi/objs-debug/engine/engine.o
                0x0000d780                std::_Iter_base<chess::MoveStruct*, false>::_S_base(chess::MoveStruct*)
 .text._ZSt12__niter_baseIPN5chess10MoveStructEENSt11_Niter_baseIT_E13iterator_typeES4_
                0x0000d78c       0x18 ./obj/local/armeabi/objs-debug/engine/engine.o
                0x0000d78c                std::_Niter_base<chess::MoveStruct*>::iterator_type std::__niter_base<chess::MoveStruct*>(chess::MoveStruct*)
 .text._ZSt22__copy_move_backward_aILb0EPN5chess10MoveStructES2_ET1_T0_S4_S3_
                0x0000d7a4       0x2c ./obj/local/armeabi/objs-debug/engine/engine.o
                0x0000d7a4                chess::MoveStruct* std::__copy_move_backward_a<false, chess::MoveStruct*, chess::MoveStruct*>(chess::MoveStruct*, chess::MoveStruct*, chess::MoveStruct*)
 .text._ZNKSt12_Vector_baseIN5chess10MoveStructESaIS1_EE19_M_get_Tp_allocatorEv
                0x0000d7d0        0xc ./obj/local/armeabi/objs-debug/engine/engine.o
                0x0000d7d0                std::_Vector_base<chess::MoveStruct, std::allocator<chess::MoveStruct> >::_M_get_Tp_allocator() const
 .text._ZNK9__gnu_cxx13new_allocatorIN5chess10MoveStructEE8max_sizeEv
                0x0000d7dc       0x10 ./obj/local/armeabi/objs-debug/engine/engine.o
                0x0000d7dc                __gnu_cxx::new_allocator<chess::MoveStruct>::max_size() const
 .text._ZSt18uninitialized_copyIPN5chess10MoveStructES2_ET0_T_S4_S3_
                0x0000d7ec       0x24 ./obj/local/armeabi/objs-debug/engine/engine.o
                0x0000d7ec                chess::MoveStruct* std::uninitialized_copy<chess::MoveStruct*, chess::MoveStruct*>(chess::MoveStruct*, chess::MoveStruct*, chess::MoveStruct*)
 .text._ZSt13__adjust_heapIPiiiN5chess14CompareHistoryEEvT_T0_S4_T1_T2_
                0x0000d810       0xd4 ./obj/local/armeabi/objs-debug/engine/engine.o
                0x0000d810                void std::__adjust_heap<int*, int, int, chess::CompareHistory>(int*, int, int, int, chess::CompareHistory)
 .text._ZNSt11__iter_swapILb1EE9iter_swapIPiS2_EEvT_T0_
                0x0000d8e4       0x18 ./obj/local/armeabi/objs-debug/engine/engine.o
                0x0000d8e4                void std::__iter_swap<true>::iter_swap<int*, int*>(int*, int*)
 .text._ZNSt10_Iter_baseIPiLb0EE7_S_baseES0_
                0x0000d8fc        0xc ./obj/local/armeabi/objs-debug/engine/engine.o
                0x0000d8fc                std::_Iter_base<int*, false>::_S_base(int*)
 .text._ZSt12__niter_baseIPiENSt11_Niter_baseIT_E13iterator_typeES2_
                0x0000d908       0x18 ./obj/local/armeabi/objs-debug/engine/engine.o
                0x0000d908                std::_Niter_base<int*>::iterator_type std::__niter_base<int*>(int*)
 .text._ZSt22__copy_move_backward_aILb0EPiS0_ET1_T0_S2_S1_
                0x0000d920       0x2c ./obj/local/armeabi/objs-debug/engine/engine.o
                0x0000d920                int* std::__copy_move_backward_a<false, int*, int*>(int*, int*, int*)
 .text._ZSt13__adjust_heapIPiiiN5chess13CompareMvvLvaEEvT_T0_S4_T1_T2_
                0x0000d94c       0xd4 ./obj/local/armeabi/objs-debug/engine/engine.o
                0x0000d94c                void std::__adjust_heap<int*, int, int, chess::CompareMvvLva>(int*, int, int, int, chess::CompareMvvLva)
 .text._ZNSt20__copy_move_backwardILb0ELb1ESt26random_access_iterator_tagE13__copy_move_bIN5chess10MoveStructEEEPT_PKS5_S8_S6_
                0x0000da20       0x44 ./obj/local/armeabi/objs-debug/engine/engine.o
                0x0000da20                chess::MoveStruct* std::__copy_move_backward<false, true, std::random_access_iterator_tag>::__copy_move_b<chess::MoveStruct>(chess::MoveStruct const*, chess::MoveStruct const*, chess::MoveStruct*)
 .text._ZNSt20__uninitialized_copyILb1EE13__uninit_copyIPN5chess10MoveStructES4_EET0_T_S6_S5_
                0x0000da64       0x24 ./obj/local/armeabi/objs-debug/engine/engine.o
                0x0000da64                chess::MoveStruct* std::__uninitialized_copy<true>::__uninit_copy<chess::MoveStruct*, chess::MoveStruct*>(chess::MoveStruct*, chess::MoveStruct*, chess::MoveStruct*)
 .text._ZSt11__push_heapIPiiiN5chess14CompareHistoryEEvT_T0_S4_T1_T2_
                0x0000da88       0x80 ./obj/local/armeabi/objs-debug/engine/engine.o
                0x0000da88                void std::__push_heap<int*, int, int, chess::CompareHistory>(int*, int, int, int, chess::CompareHistory)
 .text._ZSt4swapIiEvRT_S1_
                0x0000db08       0x20 ./obj/local/armeabi/objs-debug/engine/engine.o
                0x0000db08                void std::swap<int>(int&, int&)
 .text._ZNSt20__copy_move_backwardILb0ELb1ESt26random_access_iterator_tagE13__copy_move_bIiEEPT_PKS3_S6_S4_
                0x0000db28       0x44 ./obj/local/armeabi/objs-debug/engine/engine.o
                0x0000db28                int* std::__copy_move_backward<false, true, std::random_access_iterator_tag>::__copy_move_b<int>(int const*, int const*, int*)
 .text._ZSt11__push_heapIPiiiN5chess13CompareMvvLvaEEvT_T0_S4_T1_T2_
                0x0000db6c       0x80 ./obj/local/armeabi/objs-debug/engine/engine.o
                0x0000db6c                void std::__push_heap<int*, int, int, chess::CompareMvvLva>(int*, int, int, int, chess::CompareMvvLva)
 .text._ZSt4copyIPN5chess10MoveStructES2_ET0_T_S4_S3_
                0x0000dbec       0x34 ./obj/local/armeabi/objs-debug/engine/engine.o
                0x0000dbec                chess::MoveStruct* std::copy<chess::MoveStruct*, chess::MoveStruct*>(chess::MoveStruct*, chess::MoveStruct*, chess::MoveStruct*)
 .text._ZSt14__copy_move_a2ILb0EPN5chess10MoveStructES2_ET1_T0_S4_S3_
                0x0000dc20       0x3c ./obj/local/armeabi/objs-debug/engine/engine.o
                0x0000dc20                chess::MoveStruct* std::__copy_move_a2<false, chess::MoveStruct*, chess::MoveStruct*>(chess::MoveStruct*, chess::MoveStruct*, chess::MoveStruct*)
 .text._ZSt13__copy_move_aILb0EPN5chess10MoveStructES2_ET1_T0_S4_S3_
                0x0000dc5c       0x2c ./obj/local/armeabi/objs-debug/engine/engine.o
                0x0000dc5c                chess::MoveStruct* std::__copy_move_a<false, chess::MoveStruct*, chess::MoveStruct*>(chess::MoveStruct*, chess::MoveStruct*, chess::MoveStruct*)
 .text._ZNSt11__copy_moveILb0ELb1ESt26random_access_iterator_tagE8__copy_mIN5chess10MoveStructEEEPT_PKS5_S8_S6_
                0x0000dc88       0x3c ./obj/local/armeabi/objs-debug/engine/engine.o
                0x0000dc88                chess::MoveStruct* std::__copy_move<false, true, std::random_access_iterator_tag>::__copy_m<chess::MoveStruct>(chess::MoveStruct const*, chess::MoveStruct const*, chess::MoveStruct*)
 .text._Z41__static_initialization_and_destruction_0ii
                0x0000dcc4       0x34 ./obj/local/armeabi/objs-debug/engine/engine.o
 .text._GLOBAL__sub_I_engine.cpp
                0x0000dcf8       0x14 ./obj/local/armeabi/objs-debug/engine/engine.o
 .text          0x0000dd0c        0x0 ./obj/local/armeabi/objs-debug/engine/bkdata.o
 .text          0x0000dd0c        0x0 ./obj/local/armeabi/libgnustl_static.a(functexcept.o)
 .text._ZSt21__throw_bad_exceptionv
                0x0000dd0c       0x4c ./obj/local/armeabi/libgnustl_static.a(functexcept.o)
                0x0000dd0c                std::__throw_bad_exception()
 .text._ZSt17__throw_bad_allocv
                0x0000dd58       0x4c ./obj/local/armeabi/libgnustl_static.a(functexcept.o)
                0x0000dd58                std::__throw_bad_alloc()
 .text._ZSt16__throw_bad_castv
                0x0000dda4       0x4c ./obj/local/armeabi/libgnustl_static.a(functexcept.o)
                0x0000dda4                std::__throw_bad_cast()
 .text._ZSt18__throw_bad_typeidv
                0x0000ddf0       0x4c ./obj/local/armeabi/libgnustl_static.a(functexcept.o)
                0x0000ddf0                std::__throw_bad_typeid()
 .text._ZSt19__throw_logic_errorPKc
                0x0000de3c       0x78 ./obj/local/armeabi/libgnustl_static.a(functexcept.o)
                0x0000de3c                std::__throw_logic_error(char const*)
 .text._ZSt20__throw_domain_errorPKc
                0x0000deb4       0x78 ./obj/local/armeabi/libgnustl_static.a(functexcept.o)
                0x0000deb4                std::__throw_domain_error(char const*)
 .text._ZSt24__throw_invalid_argumentPKc
                0x0000df2c       0x78 ./obj/local/armeabi/libgnustl_static.a(functexcept.o)
                0x0000df2c                std::__throw_invalid_argument(char const*)
 .text._ZSt20__throw_length_errorPKc
                0x0000dfa4       0x78 ./obj/local/armeabi/libgnustl_static.a(functexcept.o)
                0x0000dfa4                std::__throw_length_error(char const*)
 .text._ZSt20__throw_out_of_rangePKc
                0x0000e01c       0x78 ./obj/local/armeabi/libgnustl_static.a(functexcept.o)
                0x0000e01c                std::__throw_out_of_range(char const*)
 .text._ZSt21__throw_runtime_errorPKc
                0x0000e094       0x78 ./obj/local/armeabi/libgnustl_static.a(functexcept.o)
                0x0000e094                std::__throw_runtime_error(char const*)
 .text._ZSt19__throw_range_errorPKc
                0x0000e10c       0x78 ./obj/local/armeabi/libgnustl_static.a(functexcept.o)
                0x0000e10c                std::__throw_range_error(char const*)
 .text._ZSt22__throw_overflow_errorPKc
                0x0000e184       0x78 ./obj/local/armeabi/libgnustl_static.a(functexcept.o)
                0x0000e184                std::__throw_overflow_error(char const*)
 .text._ZSt23__throw_underflow_errorPKc
                0x0000e1fc       0x78 ./obj/local/armeabi/libgnustl_static.a(functexcept.o)
                0x0000e1fc                std::__throw_underflow_error(char const*)
 .text._ZSt19__throw_ios_failurePKc
                0x0000e274       0x6c ./obj/local/armeabi/libgnustl_static.a(functexcept.o)
                0x0000e274                std::__throw_ios_failure(char const*)
 .text._ZSt20__throw_system_errori
                0x0000e2e0       0xb0 ./obj/local/armeabi/libgnustl_static.a(functexcept.o)
                0x0000e2e0                std::__throw_system_error(int)
 .text._ZSt20__throw_future_errori
                0x0000e390       0xb0 ./obj/local/armeabi/libgnustl_static.a(functexcept.o)
                0x0000e390                std::__throw_future_error(int)
 .text._ZSt25__throw_bad_function_callv
                0x0000e440       0x4c ./obj/local/armeabi/libgnustl_static.a(functexcept.o)
                0x0000e440                std::__throw_bad_function_call()
 .text._ZSt19__throw_regex_errorNSt15regex_constants10error_typeE
                0x0000e48c       0x4c ./obj/local/armeabi/libgnustl_static.a(functexcept.o)
                0x0000e48c                std::__throw_regex_error(std::regex_constants::error_type)
 .text          0x0000e4d8        0x0 ./obj/local/armeabi/libgnustl_static.a(functional.o)
 .text._ZNSt17bad_function_callD2Ev
                0x0000e4d8       0x28 ./obj/local/armeabi/libgnustl_static.a(functional.o)
                0x0000e4d8                std::bad_function_call::~bad_function_call()
                0x0000e4d8                std::bad_function_call::~bad_function_call()
 .text._ZNSt17bad_function_callD0Ev
                0x0000e500       0x1c ./obj/local/armeabi/libgnustl_static.a(functional.o)
                0x0000e500                std::bad_function_call::~bad_function_call()
 .text          0x0000e51c        0x0 ./obj/local/armeabi/libgnustl_static.a(ios_failure.o)
 .text._ZNKSt8ios_base7failure4whatEv
                0x0000e51c        0x8 ./obj/local/armeabi/libgnustl_static.a(ios_failure.o)
                0x0000e51c                std::ios_base::failure::what() const
 .text._ZNSt8ios_base7failureD2Ev
                0x0000e524       0x74 ./obj/local/armeabi/libgnustl_static.a(ios_failure.o)
                0x0000e524                std::ios_base::failure::~failure()
                0x0000e524                std::ios_base::failure::~failure()
 .text._ZNSt8ios_base7failureD0Ev
                0x0000e598       0x1c ./obj/local/armeabi/libgnustl_static.a(ios_failure.o)
                0x0000e598                std::ios_base::failure::~failure()
 .text._ZNSt8ios_base7failureC2ERKSs
                0x0000e5b4       0x4c ./obj/local/armeabi/libgnustl_static.a(ios_failure.o)
                0x0000e5b4                std::ios_base::failure::failure(std::string const&)
                0x0000e5b4                std::ios_base::failure::failure(std::string const&)
 .text          0x0000e600        0x0 ./obj/local/armeabi/libgnustl_static.a(stdexcept.o)
 .text._ZNKSt11logic_error4whatEv
                0x0000e600        0x8 ./obj/local/armeabi/libgnustl_static.a(stdexcept.o)
                0x0000e600                std::logic_error::what() const
 .text._ZNKSt13runtime_error4whatEv
                0x0000e608        0x8 ./obj/local/armeabi/libgnustl_static.a(stdexcept.o)
                0x0000e608                std::runtime_error::what() const
 .text._ZNSt13runtime_errorD2Ev
                0x0000e610       0x74 ./obj/local/armeabi/libgnustl_static.a(stdexcept.o)
                0x0000e610                std::runtime_error::~runtime_error()
                0x0000e610                std::runtime_error::~runtime_error()
 .text._ZNSt15underflow_errorD2Ev
                0x0000e684       0x28 ./obj/local/armeabi/libgnustl_static.a(stdexcept.o)
                0x0000e684                std::underflow_error::~underflow_error()
                0x0000e684                std::underflow_error::~underflow_error()
 .text._ZNSt15underflow_errorD0Ev
                0x0000e6ac       0x1c ./obj/local/armeabi/libgnustl_static.a(stdexcept.o)
                0x0000e6ac                std::underflow_error::~underflow_error()
 .text._ZNSt14overflow_errorD2Ev
                0x0000e6c8       0x28 ./obj/local/armeabi/libgnustl_static.a(stdexcept.o)
                0x0000e6c8                std::overflow_error::~overflow_error()
                0x0000e6c8                std::overflow_error::~overflow_error()
 .text._ZNSt14overflow_errorD0Ev
                0x0000e6f0       0x1c ./obj/local/armeabi/libgnustl_static.a(stdexcept.o)
                0x0000e6f0                std::overflow_error::~overflow_error()
 .text._ZNSt11range_errorD2Ev
                0x0000e70c       0x28 ./obj/local/armeabi/libgnustl_static.a(stdexcept.o)
                0x0000e70c                std::range_error::~range_error()
                0x0000e70c                std::range_error::~range_error()
 .text._ZNSt11range_errorD0Ev
                0x0000e734       0x1c ./obj/local/armeabi/libgnustl_static.a(stdexcept.o)
                0x0000e734                std::range_error::~range_error()
 .text._ZNSt13runtime_errorD0Ev
                0x0000e750       0x1c ./obj/local/armeabi/libgnustl_static.a(stdexcept.o)
                0x0000e750                std::runtime_error::~runtime_error()
 .text._ZNSt11logic_errorD2Ev
                0x0000e76c       0x74 ./obj/local/armeabi/libgnustl_static.a(stdexcept.o)
                0x0000e76c                std::logic_error::~logic_error()
                0x0000e76c                std::logic_error::~logic_error()
 .text._ZNSt12out_of_rangeD2Ev
                0x0000e7e0       0x28 ./obj/local/armeabi/libgnustl_static.a(stdexcept.o)
                0x0000e7e0                std::out_of_range::~out_of_range()
                0x0000e7e0                std::out_of_range::~out_of_range()
 .text._ZNSt12out_of_rangeD0Ev
                0x0000e808       0x1c ./obj/local/armeabi/libgnustl_static.a(stdexcept.o)
                0x0000e808                std::out_of_range::~out_of_range()
 .text._ZNSt12length_errorD2Ev
                0x0000e824       0x28 ./obj/local/armeabi/libgnustl_static.a(stdexcept.o)
                0x0000e824                std::length_error::~length_error()
                0x0000e824                std::length_error::~length_error()
 .text._ZNSt12length_errorD0Ev
                0x0000e84c       0x1c ./obj/local/armeabi/libgnustl_static.a(stdexcept.o)
                0x0000e84c                std::length_error::~length_error()
 .text._ZNSt16invalid_argumentD2Ev
                0x0000e868       0x28 ./obj/local/armeabi/libgnustl_static.a(stdexcept.o)
                0x0000e868                std::invalid_argument::~invalid_argument()
                0x0000e868                std::invalid_argument::~invalid_argument()
 .text._ZNSt16invalid_argumentD0Ev
                0x0000e890       0x1c ./obj/local/armeabi/libgnustl_static.a(stdexcept.o)
                0x0000e890                std::invalid_argument::~invalid_argument()
 .text._ZNSt12domain_errorD2Ev
                0x0000e8ac       0x28 ./obj/local/armeabi/libgnustl_static.a(stdexcept.o)
                0x0000e8ac                std::domain_error::~domain_error()
                0x0000e8ac                std::domain_error::~domain_error()
 .text._ZNSt12domain_errorD0Ev
                0x0000e8d4       0x1c ./obj/local/armeabi/libgnustl_static.a(stdexcept.o)
                0x0000e8d4                std::domain_error::~domain_error()
 .text._ZNSt11logic_errorD0Ev
                0x0000e8f0       0x1c ./obj/local/armeabi/libgnustl_static.a(stdexcept.o)
                0x0000e8f0                std::logic_error::~logic_error()
 .text._ZNSt11logic_errorC2ERKSs
                0x0000e90c       0x34 ./obj/local/armeabi/libgnustl_static.a(stdexcept.o)
                0x0000e90c                std::logic_error::logic_error(std::string const&)
                0x0000e90c                std::logic_error::logic_error(std::string const&)
 .text._ZNSt12domain_errorC2ERKSs
                0x0000e940       0x28 ./obj/local/armeabi/libgnustl_static.a(stdexcept.o)
                0x0000e940                std::domain_error::domain_error(std::string const&)
                0x0000e940                std::domain_error::domain_error(std::string const&)
 .text._ZNSt16invalid_argumentC2ERKSs
                0x0000e968       0x28 ./obj/local/armeabi/libgnustl_static.a(stdexcept.o)
                0x0000e968                std::invalid_argument::invalid_argument(std::string const&)
                0x0000e968                std::invalid_argument::invalid_argument(std::string const&)
 .text._ZNSt12length_errorC2ERKSs
                0x0000e990       0x28 ./obj/local/armeabi/libgnustl_static.a(stdexcept.o)
                0x0000e990                std::length_error::length_error(std::string const&)
                0x0000e990                std::length_error::length_error(std::string const&)
 .text._ZNSt12out_of_rangeC2ERKSs
                0x0000e9b8       0x28 ./obj/local/armeabi/libgnustl_static.a(stdexcept.o)
                0x0000e9b8                std::out_of_range::out_of_range(std::string const&)
                0x0000e9b8                std::out_of_range::out_of_range(std::string const&)
 .text._ZNSt13runtime_errorC2ERKSs
                0x0000e9e0       0x34 ./obj/local/armeabi/libgnustl_static.a(stdexcept.o)
                0x0000e9e0                std::runtime_error::runtime_error(std::string const&)
                0x0000e9e0                std::runtime_error::runtime_error(std::string const&)
 .text._ZNSt11range_errorC2ERKSs
                0x0000ea14       0x28 ./obj/local/armeabi/libgnustl_static.a(stdexcept.o)
                0x0000ea14                std::range_error::range_error(std::string const&)
                0x0000ea14                std::range_error::range_error(std::string const&)
 .text._ZNSt14overflow_errorC2ERKSs
                0x0000ea3c       0x28 ./obj/local/armeabi/libgnustl_static.a(stdexcept.o)
                0x0000ea3c                std::overflow_error::overflow_error(std::string const&)
                0x0000ea3c                std::overflow_error::overflow_error(std::string const&)
 .text._ZNSt15underflow_errorC2ERKSs
                0x0000ea64       0x28 ./obj/local/armeabi/libgnustl_static.a(stdexcept.o)
                0x0000ea64                std::underflow_error::underflow_error(std::string const&)
                0x0000ea64                std::underflow_error::underflow_error(std::string const&)
 .text          0x0000ea8c        0x0 ./obj/local/armeabi/libgnustl_static.a(system_error.o)
 .text._ZNK12_GLOBAL__N_122generic_error_category4nameEv
                0x0000ea8c       0x10 ./obj/local/armeabi/libgnustl_static.a(system_error.o)
 .text._ZNK12_GLOBAL__N_121system_error_category4nameEv
                0x0000ea9c       0x10 ./obj/local/armeabi/libgnustl_static.a(system_error.o)
 .text._ZNSt14error_categoryD2Ev
                0x0000eaac       0x18 ./obj/local/armeabi/libgnustl_static.a(system_error.o)
                0x0000eaac                std::error_category::~error_category()
                0x0000eaac                std::error_category::~error_category()
 .text._ZNKSt14error_category23default_error_conditionEi
                0x0000eac4        0xc ./obj/local/armeabi/libgnustl_static.a(system_error.o)
                0x0000eac4                std::error_category::default_error_condition(int) const
 .text._ZNKSt14error_category10equivalentEiRKSt15error_condition
                0x0000ead0       0x60 ./obj/local/armeabi/libgnustl_static.a(system_error.o)
                0x0000ead0                std::error_category::equivalent(int, std::error_condition const&) const
 .text._ZNKSt14error_category10equivalentERKSt10error_codei
                0x0000eb30       0x28 ./obj/local/armeabi/libgnustl_static.a(system_error.o)
                0x0000eb30                std::error_category::equivalent(std::error_code const&, int) const
 .text._ZN12_GLOBAL__N_121system_error_categoryD2Ev
                0x0000eb58       0x18 ./obj/local/armeabi/libgnustl_static.a(system_error.o)
 .text._ZN12_GLOBAL__N_122generic_error_categoryD2Ev
                0x0000eb70       0x18 ./obj/local/armeabi/libgnustl_static.a(system_error.o)
 .text._ZNK12_GLOBAL__N_122generic_error_category7messageEi
                0x0000eb88       0x30 ./obj/local/armeabi/libgnustl_static.a(system_error.o)
 .text._ZNK12_GLOBAL__N_121system_error_category7messageEi
                0x0000ebb8       0x30 ./obj/local/armeabi/libgnustl_static.a(system_error.o)
 .text._ZN12_GLOBAL__N_121system_error_categoryD0Ev
                0x0000ebe8       0x28 ./obj/local/armeabi/libgnustl_static.a(system_error.o)
 .text._ZN12_GLOBAL__N_122generic_error_categoryD0Ev
                0x0000ec10       0x28 ./obj/local/armeabi/libgnustl_static.a(system_error.o)
 .text._ZNSt14error_categoryD0Ev
                0x0000ec38       0x28 ./obj/local/armeabi/libgnustl_static.a(system_error.o)
                0x0000ec38                std::error_category::~error_category()
 .text._ZNSt12system_errorD2Ev
                0x0000ec60       0x28 ./obj/local/armeabi/libgnustl_static.a(system_error.o)
                0x0000ec60                std::system_error::~system_error()
                0x0000ec60                std::system_error::~system_error()
 .text._ZNSt12system_errorD0Ev
                0x0000ec88       0x1c ./obj/local/armeabi/libgnustl_static.a(system_error.o)
                0x0000ec88                std::system_error::~system_error()